Archive member included to satisfy reference by file (symbol)

c:/program files (x86)/atollic/truestudio for arm 5.5.2/armtools/bin/../lib/gcc/arm-atollic-eabi/5.3.1/../../../../arm-atollic-eabi/lib/armv7e-m/softfp\libc.a(lib_a-init.o)
                              src\startup_stm32f4xx.o (__libc_init_array)
c:/program files (x86)/atollic/truestudio for arm 5.5.2/armtools/bin/../lib/gcc/arm-atollic-eabi/5.3.1/../../../../arm-atollic-eabi/lib/armv7e-m/softfp\libc.a(lib_a-memcmp.o)
                              FreeRTOS_Source\tasks.o (memcmp)
c:/program files (x86)/atollic/truestudio for arm 5.5.2/armtools/bin/../lib/gcc/arm-atollic-eabi/5.3.1/../../../../arm-atollic-eabi/lib/armv7e-m/softfp\libc.a(lib_a-memcpy-stub.o)
                              FreeRTOS_Source\queue.o (memcpy)
c:/program files (x86)/atollic/truestudio for arm 5.5.2/armtools/bin/../lib/gcc/arm-atollic-eabi/5.3.1/../../../../arm-atollic-eabi/lib/armv7e-m/softfp\libc.a(lib_a-memset.o)
                              FreeRTOS_Source\tasks.o (memset)
c:/program files (x86)/atollic/truestudio for arm 5.5.2/armtools/bin/../lib/gcc/arm-atollic-eabi/5.3.1/../../../../arm-atollic-eabi/lib/armv7e-m/softfp\libc.a(lib_a-strncpy.o)
                              FreeRTOS_Source\tasks.o (strncpy)
c:/program files (x86)/atollic/truestudio for arm 5.5.2/armtools/bin/../lib/gcc/arm-atollic-eabi/5.3.1/../../../../arm-atollic-eabi/lib/armv7e-m/softfp\libnosys.a(write.o)
                              src\tiny_printf.o (_write)
c:/program files (x86)/atollic/truestudio for arm 5.5.2/armtools/bin/../lib/gcc/arm-atollic-eabi/5.3.1/../../../../arm-atollic-eabi/lib/armv7e-m/softfp\libnosys.a(errno.o)
                              c:/program files (x86)/atollic/truestudio for arm 5.5.2/armtools/bin/../lib/gcc/arm-atollic-eabi/5.3.1/../../../../arm-atollic-eabi/lib/armv7e-m/softfp\libnosys.a(write.o) (errno)

Allocating common symbols
Common symbol       size              file

CurrentPos          0x4               Utilities\STM32F4-Discovery\stm32f4_discovery_audio_codec.o
errno               0x4               c:/program files (x86)/atollic/truestudio for arm 5.5.2/armtools/bin/../lib/gcc/arm-atollic-eabi/5.3.1/../../../../arm-atollic-eabi/lib/armv7e-m/softfp\libnosys.a(errno.o)
xQueueRegistry      0x80              FreeRTOS_Source\queue.o
AUDIO_MAL_DMA_InitStructure
                    0x3c              Utilities\STM32F4-Discovery\stm32f4_discovery_audio_codec.o
NVIC_InitStructure  0x4               Utilities\STM32F4-Discovery\stm32f4_discovery.o
DMA_InitStructure   0x3c              Utilities\STM32F4-Discovery\stm32f4_discovery_audio_codec.o

Discarded input sections

 .text          0x00000000        0x0 c:/program files (x86)/atollic/truestudio for arm 5.5.2/armtools/bin/../lib/gcc/arm-atollic-eabi/5.3.1/armv7e-m/softfp/crti.o
 .data          0x00000000        0x0 c:/program files (x86)/atollic/truestudio for arm 5.5.2/armtools/bin/../lib/gcc/arm-atollic-eabi/5.3.1/armv7e-m/softfp/crti.o
 .bss           0x00000000        0x0 c:/program files (x86)/atollic/truestudio for arm 5.5.2/armtools/bin/../lib/gcc/arm-atollic-eabi/5.3.1/armv7e-m/softfp/crti.o
 .data          0x00000000        0x4 c:/program files (x86)/atollic/truestudio for arm 5.5.2/armtools/bin/../lib/gcc/arm-atollic-eabi/5.3.1/armv7e-m/softfp/crtbegin.o
 .text          0x00000000        0x0 src\tiny_printf.o
 .data          0x00000000        0x0 src\tiny_printf.o
 .bss           0x00000000        0x0 src\tiny_printf.o
 .text.ts_itoa  0x00000000       0x94 src\tiny_printf.o
 .text.ts_formatstring
                0x00000000      0x130 src\tiny_printf.o
 .text.ts_formatlength
                0x00000000      0x12c src\tiny_printf.o
 .text.sprintf  0x00000000       0x2c src\tiny_printf.o
 .text.fprintf  0x00000000       0x9c src\tiny_printf.o
 .text.printf   0x00000000       0x94 src\tiny_printf.o
 .debug_info    0x00000000      0xaa4 src\tiny_printf.o
 .debug_abbrev  0x00000000      0x201 src\tiny_printf.o
 .debug_aranges
                0x00000000       0x48 src\tiny_printf.o
 .debug_ranges  0x00000000       0x38 src\tiny_printf.o
 .debug_line    0x00000000      0x273 src\tiny_printf.o
 .debug_str     0x00000000      0x604 src\tiny_printf.o
 .comment       0x00000000       0x7f src\tiny_printf.o
 .debug_frame   0x00000000      0x150 src\tiny_printf.o
 .ARM.attributes
                0x00000000       0x37 src\tiny_printf.o
 .text          0x00000000        0x0 src\system_stm32f4xx.o
 .data          0x00000000        0x0 src\system_stm32f4xx.o
 .bss           0x00000000        0x0 src\system_stm32f4xx.o
 .data.SystemCoreClock
                0x00000000        0x4 src\system_stm32f4xx.o
 .data.AHBPrescTable
                0x00000000       0x10 src\system_stm32f4xx.o
 .text.SystemCoreClockUpdate
                0x00000000       0xfc src\system_stm32f4xx.o
 .text          0x00000000        0x0 src\stm32f4xx_it.o
 .data          0x00000000        0x0 src\stm32f4xx_it.o
[...]
Memory Configuration

Name             Origin             Length             Attributes
FLASH            0x08000000         0x00100000         xr
RAM              0x20000000         0x00020000         xrw
MEMORY_B1        0x60000000         0x00000000         xr
CCMRAM           0x10000000         0x00010000         rw
*default*        0x00000000         0xffffffff

Linker script and memory map

LOAD c:/program files (x86)/atollic/truestudio for arm 5.5.2/armtools/bin/../lib/gcc/arm-atollic-eabi/5.3.1/armv7e-m/softfp/crti.o
LOAD c:/program files (x86)/atollic/truestudio for arm 5.5.2/armtools/bin/../lib/gcc/arm-atollic-eabi/5.3.1/armv7e-m/softfp/crtbegin.o
LOAD src\tiny_printf.o
LOAD src\system_stm32f4xx.o
LOAD src\stm32f4xx_it.o
LOAD src\startup_stm32f4xx.o
LOAD src\main.o
LOAD src\STM32F4-Discovery_callback.o
LOAD Utilities\STM32F4-Discovery\stm32f4_discovery_lis302dl.o
LOAD Utilities\STM32F4-Discovery\stm32f4_discovery_audio_codec.o
LOAD Utilities\STM32F4-Discovery\stm32f4_discovery.o
LOAD Libraries\STM32F4xx_StdPeriph_Driver\src\stm32f4xx_wwdg.o
LOAD Libraries\STM32F4xx_StdPeriph_Driver\src\stm32f4xx_usart.o
LOAD Libraries\STM32F4xx_StdPeriph_Driver\src\stm32f4xx_tim.o
LOAD Libraries\STM32F4xx_StdPeriph_Driver\src\stm32f4xx_syscfg.o
LOAD Libraries\STM32F4xx_StdPeriph_Driver\src\stm32f4xx_spi.o
LOAD Libraries\STM32F4xx_StdPeriph_Driver\src\stm32f4xx_sdio.o
LOAD Libraries\STM32F4xx_StdPeriph_Driver\src\stm32f4xx_rtc.o
LOAD Libraries\STM32F4xx_StdPeriph_Driver\src\stm32f4xx_rng.o
LOAD Libraries\STM32F4xx_StdPeriph_Driver\src\stm32f4xx_rcc.o
LOAD Libraries\STM32F4xx_StdPeriph_Driver\src\stm32f4xx_pwr.o
LOAD Libraries\STM32F4xx_StdPeriph_Driver\src\stm32f4xx_iwdg.o
LOAD Libraries\STM32F4xx_StdPeriph_Driver\src\stm32f4xx_i2c.o
LOAD Libraries\STM32F4xx_StdPeriph_Driver\src\stm32f4xx_hash_sha1.o
LOAD Libraries\STM32F4xx_StdPeriph_Driver\src\stm32f4xx_hash_md5.o
LOAD Libraries\STM32F4xx_StdPeriph_Driver\src\stm32f4xx_hash.o
LOAD Libraries\STM32F4xx_StdPeriph_Driver\src\stm32f4xx_gpio.o
LOAD Libraries\STM32F4xx_StdPeriph_Driver\src\stm32f4xx_fsmc.o
LOAD Libraries\STM32F4xx_StdPeriph_Driver\src\stm32f4xx_flash.o
LOAD Libraries\STM32F4xx_StdPeriph_Driver\src\stm32f4xx_exti.o
LOAD Libraries\STM32F4xx_StdPeriph_Driver\src\stm32f4xx_dma.o
LOAD Libraries\STM32F4xx_StdPeriph_Driver\src\stm32f4xx_dcmi.o
LOAD Libraries\STM32F4xx_StdPeriph_Driver\src\stm32f4xx_dbgmcu.o
LOAD Libraries\STM32F4xx_StdPeriph_Driver\src\stm32f4xx_dac.o
LOAD Libraries\STM32F4xx_StdPeriph_Driver\src\stm32f4xx_cryp_tdes.o
LOAD Libraries\STM32F4xx_StdPeriph_Driver\src\stm32f4xx_cryp_des.o
LOAD Libraries\STM32F4xx_StdPeriph_Driver\src\stm32f4xx_cryp_aes.o
LOAD Libraries\STM32F4xx_StdPeriph_Driver\src\stm32f4xx_cryp.o
LOAD Libraries\STM32F4xx_StdPeriph_Driver\src\stm32f4xx_crc.o
LOAD Libraries\STM32F4xx_StdPeriph_Driver\src\stm32f4xx_can.o
LOAD Libraries\STM32F4xx_StdPeriph_Driver\src\stm32f4xx_adc.o
LOAD Libraries\STM32F4xx_StdPeriph_Driver\src\misc.o
LOAD FreeRTOS_Source\timers.o
LOAD FreeRTOS_Source\tasks.o
LOAD FreeRTOS_Source\queue.o
LOAD FreeRTOS_Source\portable\MemMang\heap_1.o
LOAD FreeRTOS_Source\portable\GCC\ARM_CM4F\port.o
LOAD FreeRTOS_Source\list.o
LOAD c:/program files (x86)/atollic/truestudio for arm 5.5.2/armtools/bin/../lib/gcc/arm-atollic-eabi/5.3.1/../../../../arm-atollic-eabi/lib/armv7e-m/softfp\libm.a
START GROUP
LOAD c:/program files (x86)/atollic/truestudio for arm 5.5.2/armtools/bin/../lib/gcc/arm-atollic-eabi/5.3.1/../../../../arm-atollic-eabi/lib/armv7e-m/softfp\libc.a
LOAD c:/program files (x86)/atollic/truestudio for arm 5.5.2/armtools/bin/../lib/gcc/arm-atollic-eabi/5.3.1/../../../../arm-atollic-eabi/lib/armv7e-m/softfp\libm.a
END GROUP
                0x00000080                malloc_getpagesize_P = 0x80
START GROUP
LOAD c:/program files (x86)/atollic/truestudio for arm 5.5.2/armtools/bin/../lib/gcc/arm-atollic-eabi/5.3.1/armv7e-m/softfp\libgcc.a
LOAD c:/program files (x86)/atollic/truestudio for arm 5.5.2/armtools/bin/../lib/gcc/arm-atollic-eabi/5.3.1/../../../../arm-atollic-eabi/lib/armv7e-m/softfp\libc.a
END GROUP
START GROUP
LOAD c:/program files (x86)/atollic/truestudio for arm 5.5.2/armtools/bin/../lib/gcc/arm-atollic-eabi/5.3.1/armv7e-m/softfp\libgcc.a
LOAD c:/program files (x86)/atollic/truestudio for arm 5.5.2/armtools/bin/../lib/gcc/arm-atollic-eabi/5.3.1/../../../../arm-atollic-eabi/lib/armv7e-m/softfp\libc.a
LOAD c:/program files (x86)/atollic/truestudio for arm 5.5.2/armtools/bin/../lib/gcc/arm-atollic-eabi/5.3.1/../../../../arm-atollic-eabi/lib/armv7e-m/softfp\libnosys.a
END GROUP
LOAD c:/program files (x86)/atollic/truestudio for arm 5.5.2/armtools/bin/../lib/gcc/arm-atollic-eabi/5.3.1/armv7e-m/softfp/crtend.o
LOAD c:/program files (x86)/atollic/truestudio for arm 5.5.2/armtools/bin/../lib/gcc/arm-atollic-eabi/5.3.1/armv7e-m/softfp/crtn.o
                0x20020000                _estack = 0x20020000
                0x00000000                _Min_Heap_Size = 0x0
                0x00000400                _Min_Stack_Size = 0x400

.isr_vector     0x08000000      0x188
                0x08000000                . = ALIGN (0x4)
 *(.isr_vector)
 .isr_vector    0x08000000      0x188 src\startup_stm32f4xx.o
                0x08000000                g_pfnVectors
                0x08000188                . = ALIGN (0x4)

.text           0x08000188     0x2774
                0x08000188                . = ALIGN (0x4)
 *(.text)
 .text          0x08000188       0x40 c:/program files (x86)/atollic/truestudio for arm 5.5.2/armtools/bin/../lib/gcc/arm-atollic-eabi/5.3.1/armv7e-m/softfp/crtbegin.o
 *(.text*)
 .text.SystemInit
                0x080001c8       0x6c src\system_stm32f4xx.o
                0x080001c8                SystemInit
 .text.SetSysClock
                0x08000234       0xf8 src\system_stm32f4xx.o
 .text.NMI_Handler
                0x0800032c       0x10 src\stm32f4xx_it.o
                0x0800032c                NMI_Handler
 .text.HardFault_Handler
                0x0800033c        0x8 src\stm32f4xx_it.o
                0x0800033c                HardFault_Handler
 .text.MemManage_Handler
                0x08000344        0x8 src\stm32f4xx_it.o
                0x08000344                MemManage_Handler
 .text.BusFault_Handler
                0x0800034c        0x8 src\stm32f4xx_it.o
                0x0800034c                BusFault_Handler
 .text.UsageFault_Handler
                0x08000354        0x8 src\stm32f4xx_it.o
                0x08000354                UsageFault_Handler
 .text.DebugMon_Handler
                0x0800035c       0x10 src\stm32f4xx_it.o
                0x0800035c                DebugMon_Handler
 .text.Reset_Handler
                0x0800036c       0x48 src\startup_stm32f4xx.o
                0x0800036c                Reset_Handler
 .text.Default_Handler
                0x080003b4        0x2 src\startup_stm32f4xx.o
                0x080003b4                RTC_Alarm_IRQHandler
                0x080003b4                HASH_RNG_IRQHandler
                0x080003b4                EXTI2_IRQHandler
                0x080003b4                TIM8_CC_IRQHandler
                0x080003b4                TIM1_CC_IRQHandler
                0x080003b4                DMA2_Stream5_IRQHandler
                0x080003b4                DMA1_Stream5_IRQHandler
                0x080003b4                PVD_IRQHandler
                0x080003b4                SDIO_IRQHandler
                0x080003b4                TAMP_STAMP_IRQHandler
                0x080003b4                CAN2_RX1_IRQHandler
                0x080003b4                EXTI3_IRQHandler
                0x080003b4                TIM8_TRG_COM_TIM14_IRQHandler
                0x080003b4                TIM1_UP_TIM10_IRQHandler
                0x080003b4                TIM8_UP_TIM13_IRQHandler
                0x080003b4                I2C3_ER_IRQHandler
                0x080003b4                EXTI0_IRQHandler
                0x080003b4                I2C2_EV_IRQHandler
                0x080003b4                DMA1_Stream2_IRQHandler
                0x080003b4                CAN1_RX0_IRQHandler
                0x080003b4                FPU_IRQHandler
                0x080003b4                OTG_HS_WKUP_IRQHandler
                0x080003b4                CAN2_SCE_IRQHandler
                0x080003b4                DMA2_Stream2_IRQHandler
                0x080003b4                SPI1_IRQHandler
                0x080003b4                TIM6_DAC_IRQHandler
                0x080003b4                TIM1_BRK_TIM9_IRQHandler
                0x080003b4                DCMI_IRQHandler
                0x080003b4                CAN2_RX0_IRQHandler
                0x080003b4                DMA2_Stream3_IRQHandler
                0x080003b4                USART6_IRQHandler
                0x080003b4                USART3_IRQHandler
                0x080003b4                CRYP_IRQHandler
                0x080003b4                CAN1_RX1_IRQHandler
                0x080003b4                UART5_IRQHandler
                0x080003b4                DMA2_Stream0_IRQHandler
                0x080003b4                TIM4_IRQHandler
                0x080003b4                I2C1_EV_IRQHandler
                0x080003b4                DMA1_Stream6_IRQHandler
                0x080003b4                DMA1_Stream1_IRQHandler
                0x080003b4                UART4_IRQHandler
                0x080003b4                TIM3_IRQHandler
                0x080003b4                RCC_IRQHandler
                0x080003b4                TIM8_BRK_TIM12_IRQHandler
                0x080003b4                Default_Handler
                0x080003b4                EXTI15_10_IRQHandler
                0x080003b4                ADC_IRQHandler
                0x080003b4                TIM7_IRQHandler
                0x080003b4                CAN2_TX_IRQHandler
                0x080003b4                TIM5_IRQHandler
                0x080003b4                DMA2_Stream7_IRQHandler
                0x080003b4                I2C3_EV_IRQHandler
                0x080003b4                EXTI9_5_IRQHandler
                0x080003b4                RTC_WKUP_IRQHandler
                0x080003b4                ETH_WKUP_IRQHandler
                0x080003b4                SPI2_IRQHandler
                0x080003b4                OTG_HS_EP1_IN_IRQHandler
                0x080003b4                CAN1_TX_IRQHandler
                0x080003b4                EXTI4_IRQHandler
                0x080003b4                FSMC_IRQHandler
                0x080003b4                ETH_IRQHandler
                0x080003b4                OTG_HS_EP1_OUT_IRQHandler
                0x080003b4                WWDG_IRQHandler
                0x080003b4                TIM2_IRQHandler
                0x080003b4                OTG_FS_WKUP_IRQHandler
                0x080003b4                TIM1_TRG_COM_TIM11_IRQHandler
                0x080003b4                OTG_HS_IRQHandler
                0x080003b4                EXTI1_IRQHandler
                0x080003b4                USART2_IRQHandler
                0x080003b4                I2C2_ER_IRQHandler
                0x080003b4                DMA2_Stream1_IRQHandler
                0x080003b4                CAN1_SCE_IRQHandler
                0x080003b4                FLASH_IRQHandler
                0x080003b4                DMA2_Stream4_IRQHandler
                0x080003b4                USART1_IRQHandler
                0x080003b4                OTG_FS_IRQHandler
                0x080003b4                DMA1_Stream4_IRQHandler
                0x080003b4                I2C1_ER_IRQHandler
                0x080003b4                DMA2_Stream6_IRQHandler
                0x080003b4                DMA1_Stream3_IRQHandler
 *fill*         0x080003b6        0x2 
 .text.NVIC_SetPriorityGrouping
                0x080003b8       0x48 src\main.o
 .text.main     0x08000400      0x110 src\main.o
                0x08000400                main
 .text.vExampleTimerCallback
                0x08000510       0x24 src\main.o
 .text.prvQueueSendTask
                0x08000534       0x38 src\main.o
 .text.prvQueueReceiveTask
                0x0800056c       0x34 src\main.o
 .text.prvEventSemaphoreTask
                0x080005a0       0x2c src\main.o
 .text.vApplicationTickHook
                0x080005cc       0x44 src\main.o
                0x080005cc                vApplicationTickHook
 .text.vApplicationMallocFailedHook
                0x08000610        0x8 src\main.o
                0x08000610                vApplicationMallocFailedHook
 .text.vApplicationStackOverflowHook
                0x08000618        0xc src\main.o
                0x08000618                vApplicationStackOverflowHook
 .text.vApplicationIdleHook
                0x08000624       0x18 src\main.o
                0x08000624                vApplicationIdleHook
 .text.prvSetupHardware
                0x0800063c       0x10 src\main.o
 .text.EVAL_AUDIO_TransferComplete_CallBack
                0x0800064c       0x18 src\STM32F4-Discovery_callback.o
                0x0800064c                EVAL_AUDIO_TransferComplete_CallBack
 .text.EVAL_AUDIO_GetSampleCallBack
                0x08000664       0x14 src\STM32F4-Discovery_callback.o
                0x08000664                EVAL_AUDIO_GetSampleCallBack
 .text.Audio_MAL_IRQHandler
                0x08000678       0xf8 Utilities\STM32F4-Discovery\stm32f4_discovery_audio_codec.o
 .text.DMA1_Stream7_IRQHandler
                0x08000770        0xc Utilities\STM32F4-Discovery\stm32f4_discovery_audio_codec.o
                0x08000770                DMA1_Stream7_IRQHandler
 .text.DMA1_Stream0_IRQHandler
                0x0800077c        0xc Utilities\STM32F4-Discovery\stm32f4_discovery_audio_codec.o
                0x0800077c                DMA1_Stream0_IRQHandler
 .text.SPI3_IRQHandler
                0x08000788       0x44 Utilities\STM32F4-Discovery\stm32f4_discovery_audio_codec.o
                0x08000788                SPI3_IRQHandler
 .text.SPI_I2S_SendData
                0x080007cc       0x20 Libraries\STM32F4xx_StdPeriph_Driver\src\stm32f4xx_spi.o
                0x080007cc                SPI_I2S_SendData
 .text.SPI_I2S_GetFlagStatus
                0x080007ec       0x38 Libraries\STM32F4xx_StdPeriph_Driver\src\stm32f4xx_spi.o
                0x080007ec                SPI_I2S_GetFlagStatus
 .text.DMA_Init
                0x08000824       0xb0 Libraries\STM32F4xx_StdPeriph_Driver\src\stm32f4xx_dma.o
                0x08000824                DMA_Init
 .text.DMA_Cmd  0x080008d4       0x38 Libraries\STM32F4xx_StdPeriph_Driver\src\stm32f4xx_dma.o
                0x080008d4                DMA_Cmd
 .text.DMA_GetCmdStatus
                0x0800090c       0x30 Libraries\STM32F4xx_StdPeriph_Driver\src\stm32f4xx_dma.o
                0x0800090c                DMA_GetCmdStatus
 .text.DMA_GetFlagStatus
                0x0800093c       0x78 Libraries\STM32F4xx_StdPeriph_Driver\src\stm32f4xx_dma.o
                0x0800093c                DMA_GetFlagStatus
 .text.DMA_ClearFlag
                0x080009b4       0x5c Libraries\STM32F4xx_StdPeriph_Driver\src\stm32f4xx_dma.o
                0x080009b4                DMA_ClearFlag
 .text.DAC_SetChannel1Data
                0x08000a10       0x38 Libraries\STM32F4xx_StdPeriph_Driver\src\stm32f4xx_dac.o
                0x08000a10                DAC_SetChannel1Data
 .text.xTimerCreateTimerTask
                0x08000a48       0x5c FreeRTOS_Source\timers.o
                0x08000a48                xTimerCreateTimerTask
 .text.xTimerCreate
                0x08000aa4       0x6c FreeRTOS_Source\timers.o
                0x08000aa4                xTimerCreate
 .text.xTimerGenericCommand
                0x08000b10       0x80 FreeRTOS_Source\timers.o
                0x08000b10                xTimerGenericCommand
 .text.prvProcessExpiredTimer
                0x08000b90       0x74 FreeRTOS_Source\timers.o
 .text.prvTimerTask
                0x08000c04       0x24 FreeRTOS_Source\timers.o
 .text.prvProcessTimerOrBlockTask
                0x08000c28       0x6c FreeRTOS_Source\timers.o
 .text.prvGetNextExpireTime
                0x08000c94       0x48 FreeRTOS_Source\timers.o
 .text.prvSampleTimeNow
                0x08000cdc       0x44 FreeRTOS_Source\timers.o
 .text.prvInsertTimerInActiveList
                0x08000d20       0x84 FreeRTOS_Source\timers.o
 .text.prvProcessReceivedCommands
                0x08000da4       0xf4 FreeRTOS_Source\timers.o
 .text.prvSwitchTimerLists
                0x08000e98       0xb8 FreeRTOS_Source\timers.o
 .text.prvCheckForValidListAndQueue
                0x08000f50       0x54 FreeRTOS_Source\timers.o
 .text.xTaskGenericCreate
                0x08000fa4      0x184 FreeRTOS_Source\tasks.o
                0x08000fa4                xTaskGenericCreate
 .text.vTaskDelayUntil
                0x08001128       0xb8 FreeRTOS_Source\tasks.o
                0x08001128                vTaskDelayUntil
 .text.vTaskStartScheduler
                0x080011e0       0x78 FreeRTOS_Source\tasks.o
                0x080011e0                vTaskStartScheduler
 .text.vTaskSuspendAll
                0x08001258       0x1c FreeRTOS_Source\tasks.o
                0x08001258                vTaskSuspendAll
 .text.xTaskResumeAll
                0x08001274      0x108 FreeRTOS_Source\tasks.o
                0x08001274                xTaskResumeAll
 .text.xTaskGetTickCount
                0x0800137c       0x24 FreeRTOS_Source\tasks.o
                0x0800137c                xTaskGetTickCount
 .text.vTaskIncrementTick
                0x080013a0      0x150 FreeRTOS_Source\tasks.o
                0x080013a0                vTaskIncrementTick
 .text.vTaskSwitchContext
                0x080014f0       0xf0 FreeRTOS_Source\tasks.o
                0x080014f0                vTaskSwitchContext
 .text.vTaskPlaceOnEventList
                0x080015e0       0x70 FreeRTOS_Source\tasks.o
                0x080015e0                vTaskPlaceOnEventList
 .text.vTaskPlaceOnEventListRestricted
                0x08001650       0x54 FreeRTOS_Source\tasks.o
                0x08001650                vTaskPlaceOnEventListRestricted
 .text.xTaskRemoveFromEventList
                0x080016a4       0xb0 FreeRTOS_Source\tasks.o
                0x080016a4                xTaskRemoveFromEventList
 .text.vTaskSetTimeOutState
                0x08001754       0x3c FreeRTOS_Source\tasks.o
                0x08001754                vTaskSetTimeOutState
 .text.xTaskCheckForTimeOut
                0x08001790       0xa8 FreeRTOS_Source\tasks.o
                0x08001790                xTaskCheckForTimeOut
 .text.vTaskMissedYield
                0x08001838       0x18 FreeRTOS_Source\tasks.o
                0x08001838                vTaskMissedYield
 .text.prvIdleTask
                0x08001850       0x24 FreeRTOS_Source\tasks.o
 .text.prvInitialiseTCBVariables
                0x08001874       0x6c FreeRTOS_Source\tasks.o
 .text.prvInitialiseTaskLists
                0x080018e0       0x80 FreeRTOS_Source\tasks.o
 .text.prvCheckTasksWaitingTermination
                0x08001960       0x74 FreeRTOS_Source\tasks.o
 .text.prvAddCurrentTaskToDelayedList
                0x080019d4       0x6c FreeRTOS_Source\tasks.o
 .text.prvAllocateTCBAndStack
                0x08001a40       0x64 FreeRTOS_Source\tasks.o
 .text.prvDeleteTCB
                0x08001aa4       0x20 FreeRTOS_Source\tasks.o
 .text.xTaskGetCurrentTaskHandle
                0x08001ac4       0x20 FreeRTOS_Source\tasks.o
                0x08001ac4                xTaskGetCurrentTaskHandle
 .text.xTaskGetSchedulerState
                0x08001ae4       0x3c FreeRTOS_Source\tasks.o
                0x08001ae4                xTaskGetSchedulerState
 .text.vTaskPriorityInherit
                0x08001b20       0xb4 FreeRTOS_Source\tasks.o
                0x08001b20                vTaskPriorityInherit
 .text.vTaskPriorityDisinherit
                0x08001bd4       0x7c FreeRTOS_Source\tasks.o
                0x08001bd4                vTaskPriorityDisinherit
 .text.xQueueGenericReset
                0x08001c50       0xb0 FreeRTOS_Source\queue.o
                0x08001c50                xQueueGenericReset
 .text.xQueueGenericCreate
                0x08001d00       0x80 FreeRTOS_Source\queue.o
                0x08001d00                xQueueGenericCreate
 .text.xQueueGenericSend
                0x08001d80      0x138 FreeRTOS_Source\queue.o
                0x08001d80                xQueueGenericSend
 .text.xQueueGenericSendFromISR
                0x08001eb8       0xb8 FreeRTOS_Source\queue.o
                0x08001eb8                xQueueGenericSendFromISR
 .text.xQueueGenericReceive
                0x08001f70      0x19c FreeRTOS_Source\queue.o
                0x08001f70                xQueueGenericReceive
 .text.prvCopyDataToQueue
                0x0800210c       0xb8 FreeRTOS_Source\queue.o
 .text.prvCopyDataFromQueue
                0x080021c4       0x4c FreeRTOS_Source\queue.o
 .text.prvUnlockQueue
                0x08002210       0x98 FreeRTOS_Source\queue.o
 .text.prvIsQueueEmpty
                0x080022a8       0x2c FreeRTOS_Source\queue.o
 .text.prvIsQueueFull
                0x080022d4       0x30 FreeRTOS_Source\queue.o
 .text.vQueueAddToRegistry
                0x08002304       0x50 FreeRTOS_Source\queue.o
                0x08002304                vQueueAddToRegistry
 .text.vQueueWaitForMessageRestricted
                0x08002354       0x54 FreeRTOS_Source\queue.o
                0x08002354                vQueueWaitForMessageRestricted
 .text.pvPortMalloc
                0x080023a8       0x78 FreeRTOS_Source\portable\MemMang\heap_1.o
                0x080023a8                pvPortMalloc
 .text.vPortFree
                0x08002420       0x14 FreeRTOS_Source\portable\MemMang\heap_1.o
                0x08002420                vPortFree
 .text.xPortGetFreeHeapSize
                0x08002434       0x1c FreeRTOS_Source\portable\MemMang\heap_1.o
                0x08002434                xPortGetFreeHeapSize
 .text.pxPortInitialiseStack
                0x08002450       0x60 FreeRTOS_Source\portable\GCC\ARM_CM4F\port.o
                0x08002450                pxPortInitialiseStack
 .text.SVC_Handler
                0x080024b0       0x20 FreeRTOS_Source\portable\GCC\ARM_CM4F\port.o
                0x080024b0                SVC_Handler
 .text.vPortStartFirstTask
                0x080024d0       0x18 FreeRTOS_Source\portable\GCC\ARM_CM4F\port.o
 .text.xPortStartScheduler
                0x080024e8       0x4c FreeRTOS_Source\portable\GCC\ARM_CM4F\port.o
                0x080024e8                xPortStartScheduler
 .text.vPortYieldFromISR
                0x08002534       0x1c FreeRTOS_Source\portable\GCC\ARM_CM4F\port.o
                0x08002534                vPortYieldFromISR
 .text.vPortEnterCritical
                0x08002550       0x24 FreeRTOS_Source\portable\GCC\ARM_CM4F\port.o
                0x08002550                vPortEnterCritical
 .text.vPortExitCritical
                0x08002574       0x2c FreeRTOS_Source\portable\GCC\ARM_CM4F\port.o
                0x08002574                vPortExitCritical
 .text.PendSV_Handler
                0x080025a0       0x54 FreeRTOS_Source\portable\GCC\ARM_CM4F\port.o
                0x080025a0                PendSV_Handler
 .text.SysTick_Handler
                0x080025f4       0x34 FreeRTOS_Source\portable\GCC\ARM_CM4F\port.o
                0x080025f4                SysTick_Handler
 .text.prvSetupTimerInterrupt
                0x08002628       0x28 FreeRTOS_Source\portable\GCC\ARM_CM4F\port.o
 .text.vPortEnableVFP
                0x08002650       0x14 FreeRTOS_Source\portable\GCC\ARM_CM4F\port.o
 .text.vListInitialise
                0x08002664       0x40 FreeRTOS_Source\list.o
                0x08002664                vListInitialise
 .text.vListInitialiseItem
                0x080026a4       0x1c FreeRTOS_Source\list.o
                0x080026a4                vListInitialiseItem
 .text.vListInsertEnd
                0x080026c0       0x50 FreeRTOS_Source\list.o
                0x080026c0                vListInsertEnd
 .text.vListInsert
                0x08002710       0x74 FreeRTOS_Source\list.o
                0x08002710                vListInsert
 .text.vListRemove
                0x08002784       0x50 FreeRTOS_Source\list.o
                0x08002784                vListRemove
 .text.__libc_init_array
                0x080027d4       0x4c c:/program files (x86)/atollic/truestudio for arm 5.5.2/armtools/bin/../lib/gcc/arm-atollic-eabi/5.3.1/../../../../arm-atollic-eabi/lib/armv7e-m/softfp\libc.a(lib_a-init.o)
                0x080027d4                __libc_init_array
 .text.memcmp   0x08002820       0x1e c:/program files (x86)/atollic/truestudio for arm 5.5.2/armtools/bin/../lib/gcc/arm-atollic-eabi/5.3.1/../../../../arm-atollic-eabi/lib/armv7e-m/softfp\libc.a(lib_a-memcmp.o)
                0x08002820                memcmp
 .text.memcpy   0x0800283e       0x16 c:/program files (x86)/atollic/truestudio for arm 5.5.2/armtools/bin/../lib/gcc/arm-atollic-eabi/5.3.1/../../../../arm-atollic-eabi/lib/armv7e-m/softfp\libc.a(lib_a-memcpy-stub.o)
                0x0800283e                memcpy
 .text.memset   0x08002854       0x10 c:/program files (x86)/atollic/truestudio for arm 5.5.2/armtools/bin/../lib/gcc/arm-atollic-eabi/5.3.1/../../../../arm-atollic-eabi/lib/armv7e-m/softfp\libc.a(lib_a-memset.o)
                0x08002854                memset
 .text.strncpy  0x08002864       0x26 c:/program files (x86)/atollic/truestudio for arm 5.5.2/armtools/bin/../lib/gcc/arm-atollic-eabi/5.3.1/../../../../arm-atollic-eabi/lib/armv7e-m/softfp\libc.a(lib_a-strncpy.o)
                0x08002864                strncpy
 *(.rodata)
 *fill*         0x0800288a        0x2 
 .rodata        0x0800288c       0x31 src\main.o
 *fill*         0x080028bd        0x3 
 .rodata        0x080028c0        0x8 FreeRTOS_Source\timers.o
 .rodata        0x080028c8        0x5 FreeRTOS_Source\tasks.o
 *(.rodata*)
 *fill*         0x080028cd        0x3 
 .rodata.ucExpectedStackBytes.6077
                0x080028d0       0x14 FreeRTOS_Source\tasks.o
 *(.glue_7)
 .glue_7        0x080028e4        0x0 linker stubs
 *(.glue_7t)
 .glue_7t       0x080028e4        0x0 linker stubs
 *(.eh_frame)
 .eh_frame      0x080028e4        0x0 c:/program files (x86)/atollic/truestudio for arm 5.5.2/armtools/bin/../lib/gcc/arm-atollic-eabi/5.3.1/armv7e-m/softfp/crtbegin.o
 *(.init)
 .init          0x080028e4        0x4 c:/program files (x86)/atollic/truestudio for arm 5.5.2/armtools/bin/../lib/gcc/arm-atollic-eabi/5.3.1/armv7e-m/softfp/crti.o
                0x080028e4                _init
 .init          0x080028e8        0x8 c:/program files (x86)/atollic/truestudio for arm 5.5.2/armtools/bin/../lib/gcc/arm-atollic-eabi/5.3.1/armv7e-m/softfp/crtn.o
 *(.fini)
 .fini          0x080028f0        0x4 c:/program files (x86)/atollic/truestudio for arm 5.5.2/armtools/bin/../lib/gcc/arm-atollic-eabi/5.3.1/armv7e-m/softfp/crti.o
                0x080028f0                _fini
 .fini          0x080028f4        0x8 c:/program files (x86)/atollic/truestudio for arm 5.5.2/armtools/bin/../lib/gcc/arm-atollic-eabi/5.3.1/armv7e-m/softfp/crtn.o
                0x080028fc                . = ALIGN (0x4)
                0x080028fc                _etext = .

.vfp11_veneer   0x080028fc        0x0
 .vfp11_veneer  0x080028fc        0x0 linker stubs

.v4_bx          0x080028fc        0x0
 .v4_bx         0x080028fc        0x0 linker stubs

.iplt           0x080028fc        0x0
 .iplt          0x080028fc        0x0 c:/program files (x86)/atollic/truestudio for arm 5.5.2/armtools/bin/../lib/gcc/arm-atollic-eabi/5.3.1/armv7e-m/softfp/crtbegin.o

.rel.dyn        0x080028fc        0x0
 .rel.iplt      0x080028fc        0x0 c:/program files (x86)/atollic/truestudio for arm 5.5.2/armtools/bin/../lib/gcc/arm-atollic-eabi/5.3.1/armv7e-m/softfp/crtbegin.o

.ARM.extab
 *(.ARM.extab* .gnu.linkonce.armextab.*)

.ARM            0x080028fc        0x0
                0x080028fc                __exidx_start = .
 *(.ARM.exidx*)
                0x080028fc                __exidx_end = .

.preinit_array  0x080028fc        0x0
                0x080028fc                PROVIDE (__preinit_array_start, .)
 *(.preinit_array*)
                0x080028fc                PROVIDE (__preinit_array_end, .)

.init_array     0x080028fc        0x4
                0x080028fc                PROVIDE (__init_array_start, .)
 *(SORT(.init_array.*))
 *(.init_array*)
 .init_array    0x080028fc        0x4 c:/program files (x86)/atollic/truestudio for arm 5.5.2/armtools/bin/../lib/gcc/arm-atollic-eabi/5.3.1/armv7e-m/softfp/crtbegin.o
                0x08002900                PROVIDE (__init_array_end, .)

.fini_array     0x08002900        0x4
                [!provide]                PROVIDE (__fini_array_start, .)
 *(SORT(.fini_array.*))
 *(.fini_array*)
 .fini_array    0x08002900        0x4 c:/program files (x86)/atollic/truestudio for arm 5.5.2/armtools/bin/../lib/gcc/arm-atollic-eabi/5.3.1/armv7e-m/softfp/crtbegin.o
                [!provide]                PROVIDE (__fini_array_end, .)
                0x08002904                _sidata = LOADADDR (.data)

.data           0x20000000       0x18 load address 0x08002904
                0x20000000                . = ALIGN (0x4)
                0x20000000                _sdata = .
 *(.data)
 *(.data*)
 .data.AudioRemSize
                0x20000000        0x4 Utilities\STM32F4-Discovery\stm32f4_discovery_audio_codec.o
                0x20000000                AudioRemSize
 .data.CurrAudioInterface
                0x20000004        0x4 Utilities\STM32F4-Discovery\stm32f4_discovery_audio_codec.o
                0x20000004                CurrAudioInterface
 .data.AUDIO_MAL_DMA_STREAM
                0x20000008        0x4 Utilities\STM32F4-Discovery\stm32f4_discovery_audio_codec.o
                0x20000008                AUDIO_MAL_DMA_STREAM
 .data.AUDIO_MAL_DMA_FLAG_TC
                0x2000000c        0x4 Utilities\STM32F4-Discovery\stm32f4_discovery_audio_codec.o
                0x2000000c                AUDIO_MAL_DMA_FLAG_TC
 .data.xNextTaskUnblockTime
                0x20000010        0x4 FreeRTOS_Source\tasks.o
 .data.uxCriticalNesting
                0x20000014        0x4 FreeRTOS_Source\portable\GCC\ARM_CM4F\port.o
                0x20000018                . = ALIGN (0x4)
                0x20000018                _edata = .
                0x0800291c                _siccmram = LOADADDR (.ccmram)

.igot.plt       0x20000018        0x0 load address 0x0800291c
 .igot.plt      0x20000018        0x0 c:/program files (x86)/atollic/truestudio for arm 5.5.2/armtools/bin/../lib/gcc/arm-atollic-eabi/5.3.1/armv7e-m/softfp/crtbegin.o

.ccmram         0x10000000        0x0 load address 0x0800291c
                0x10000000                . = ALIGN (0x4)
                0x10000000                _sccmram = .
 *(.ccmram)
 *(.ccmram*)
                0x10000000                . = ALIGN (0x4)
                0x10000000                _eccmram = .
                0x10000000                . = ALIGN (0x4)

.bss            0x20000018     0x1e70
                0x20000018                _sbss = .
                0x20000018                __bss_start__ = _sbss
 *(.bss)
 .bss           0x20000018       0x1c c:/program files (x86)/atollic/truestudio for arm 5.5.2/armtools/bin/../lib/gcc/arm-atollic-eabi/5.3.1/armv7e-m/softfp/crtbegin.o
 *(.bss*)
 .bss.xQueue    0x20000034        0x4 src\main.o
 .bss.xEventSemaphore
                0x20000038        0x4 src\main.o
 .bss.ulCountOfTimerCallbackExecutions
                0x2000003c        0x4 src\main.o
 .bss.ulCountOfItemsReceivedOnQueue
                0x20000040        0x4 src\main.o
 .bss.ulCountOfReceivedSemaphores
                0x20000044        0x4 src\main.o
 .bss.ulCount.7747
                0x20000048        0x4 src\main.o
 .bss.xActiveTimerList1
                0x2000004c       0x14 FreeRTOS_Source\timers.o
 .bss.xActiveTimerList2
                0x20000060       0x14 FreeRTOS_Source\timers.o
 .bss.pxCurrentTimerList
                0x20000074        0x4 FreeRTOS_Source\timers.o
 .bss.pxOverflowTimerList
                0x20000078        0x4 FreeRTOS_Source\timers.o
 .bss.xTimerQueue
                0x2000007c        0x4 FreeRTOS_Source\timers.o
 .bss.xLastTime.4538
                0x20000080        0x4 FreeRTOS_Source\timers.o
 .bss.pxCurrentTCB
                0x20000084        0x4 FreeRTOS_Source\tasks.o
                0x20000084                pxCurrentTCB
 .bss.pxReadyTasksLists
                0x20000088       0x64 FreeRTOS_Source\tasks.o
 .bss.xDelayedTaskList1
                0x200000ec       0x14 FreeRTOS_Source\tasks.o
 .bss.xDelayedTaskList2
                0x20000100       0x14 FreeRTOS_Source\tasks.o
 .bss.pxDelayedTaskList
                0x20000114        0x4 FreeRTOS_Source\tasks.o
 .bss.pxOverflowDelayedTaskList
                0x20000118        0x4 FreeRTOS_Source\tasks.o
 .bss.xPendingReadyList
                0x2000011c       0x14 FreeRTOS_Source\tasks.o
 .bss.xTasksWaitingTermination
                0x20000130       0x14 FreeRTOS_Source\tasks.o
 .bss.uxTasksDeleted
                0x20000144        0x4 FreeRTOS_Source\tasks.o
 .bss.xSuspendedTaskList
                0x20000148       0x14 FreeRTOS_Source\tasks.o
 .bss.uxCurrentNumberOfTasks
                0x2000015c        0x4 FreeRTOS_Source\tasks.o
 .bss.xTickCount
                0x20000160        0x4 FreeRTOS_Source\tasks.o
 .bss.uxTopUsedPriority
                0x20000164        0x4 FreeRTOS_Source\tasks.o
 .bss.uxTopReadyPriority
                0x20000168        0x4 FreeRTOS_Source\tasks.o
 .bss.xSchedulerRunning
                0x2000016c        0x4 FreeRTOS_Source\tasks.o
 .bss.uxSchedulerSuspended
                0x20000170        0x4 FreeRTOS_Source\tasks.o
 .bss.uxMissedTicks
                0x20000174        0x4 FreeRTOS_Source\tasks.o
 .bss.xMissedYield
                0x20000178        0x4 FreeRTOS_Source\tasks.o
 .bss.xNumOfOverflows
                0x2000017c        0x4 FreeRTOS_Source\tasks.o
 .bss.uxTaskNumber
                0x20000180        0x4 FreeRTOS_Source\tasks.o
 *fill*         0x20000184        0x4 
 .bss.xHeap     0x20000188     0x1c00 FreeRTOS_Source\portable\MemMang\heap_1.o
 .bss.xNextFreeByte
                0x20001d88        0x4 FreeRTOS_Source\portable\MemMang\heap_1.o
 *(COMMON)
 COMMON         0x20001d8c       0x7c Utilities\STM32F4-Discovery\stm32f4_discovery_audio_codec.o
                0x20001d8c                CurrentPos
                0x20001d90                AUDIO_MAL_DMA_InitStructure
                0x20001dcc                DMA_InitStructure
 COMMON         0x20001e08       0x80 FreeRTOS_Source\queue.o
                0x20001e08                xQueueRegistry
                0x20001e88                . = ALIGN (0x4)
                0x20001e88                _ebss = .
                0x20001e88                __bss_end__ = _ebss

._user_heap_stack
                0x20001e88      0x400
                0x20001e88                . = ALIGN (0x4)
                [!provide]                PROVIDE (end, .)
                [!provide]                PROVIDE (_end, .)
                0x20001e88                . = (. + _Min_Heap_Size)
                0x20002288                . = (. + _Min_Stack_Size)
 *fill*         0x20001e88      0x400 
                0x20002288                . = ALIGN (0x4)

.memory_b1_text
 *(.mb1text)
 *(.mb1text*)
 *(.mb1rodata)
 *(.mb1rodata*)

/DISCARD/
 libc.a(*)
 libm.a(*)
 libgcc.a(*)

.ARM.attributes
                0x00000000       0x2e
 *(.ARM.attributes)
 .ARM.attributes
                0x00000000       0x22 c:/program files (x86)/atollic/truestudio for arm 5.5.2/armtools/bin/../lib/gcc/arm-atollic-eabi/5.3.1/armv7e-m/softfp/crti.o
 .ARM.attributes
                0x00000022       0x32 c:/program files (x86)/atollic/truestudio for arm 5.5.2/armtools/bin/../lib/gcc/arm-atollic-eabi/5.3.1/armv7e-m/softfp/crtbegin.o
 .ARM.attributes
                0x00000054       0x37 src\system_stm32f4xx.o
 .ARM.attributes
                0x0000008b       0x37 src\stm32f4xx_it.o
 .ARM.attributes
                0x000000c2       0x21 src\startup_stm32f4xx.o
 .ARM.attributes
                0x000000e3       0x37 src\main.o
 .ARM.attributes
                0x0000011a       0x37 src\STM32F4-Discovery_callback.o
 .ARM.attributes
                0x00000151       0x37 Utilities\STM32F4-Discovery\stm32f4_discovery_audio_codec.o
 .ARM.attributes
                0x00000188       0x37 Libraries\STM32F4xx_StdPeriph_Driver\src\stm32f4xx_spi.o
 .ARM.attributes
                0x000001bf       0x37 Libraries\STM32F4xx_StdPeriph_Driver\src\stm32f4xx_dma.o
 .ARM.attributes
                0x000001f6       0x37 Libraries\STM32F4xx_StdPeriph_Driver\src\stm32f4xx_dac.o
 .ARM.attributes
                0x0000022d       0x37 FreeRTOS_Source\timers.o
 .ARM.attributes
                0x00000264       0x37 FreeRTOS_Source\tasks.o
 .ARM.attributes
                0x0000029b       0x37 FreeRTOS_Source\queue.o
 .ARM.attributes
                0x000002d2       0x37 FreeRTOS_Source\portable\MemMang\heap_1.o
 .ARM.attributes
                0x00000309       0x37 FreeRTOS_Source\portable\GCC\ARM_CM4F\port.o
 .ARM.attributes
                0x00000340       0x37 FreeRTOS_Source\list.o
 .ARM.attributes
                0x00000377       0x32 c:/program files (x86)/atollic/truestudio for arm 5.5.2/armtools/bin/../lib/gcc/arm-atollic-eabi/5.3.1/../../../../arm-atollic-eabi/lib/armv7e-m/softfp\libc.a(lib_a-init.o)
 .ARM.attributes
                0x000003a9       0x32 c:/program files (x86)/atollic/truestudio for arm 5.5.2/armtools/bin/../lib/gcc/arm-atollic-eabi/5.3.1/../../../../arm-atollic-eabi/lib/armv7e-m/softfp\libc.a(lib_a-memcmp.o)
 .ARM.attributes
                0x000003db       0x32 c:/program files (x86)/atollic/truestudio for arm 5.5.2/armtools/bin/../lib/gcc/arm-atollic-eabi/5.3.1/../../../../arm-atollic-eabi/lib/armv7e-m/softfp\libc.a(lib_a-memcpy-stub.o)
 .ARM.attributes
                0x0000040d       0x32 c:/program files (x86)/atollic/truestudio for arm 5.5.2/armtools/bin/../lib/gcc/arm-atollic-eabi/5.3.1/../../../../arm-atollic-eabi/lib/armv7e-m/softfp\libc.a(lib_a-memset.o)
 .ARM.attributes
                0x0000043f       0x32 c:/program files (x86)/atollic/truestudio for arm 5.5.2/armtools/bin/../lib/gcc/arm-atollic-eabi/5.3.1/../../../../arm-atollic-eabi/lib/armv7e-m/softfp\libc.a(lib_a-strncpy.o)
 .ARM.attributes
                0x00000471       0x22 c:/program files (x86)/atollic/truestudio for arm 5.5.2/armtools/bin/../lib/gcc/arm-atollic-eabi/5.3.1/armv7e-m/softfp/crtn.o
OUTPUT(STM32F4_Discovery_FreeRTOS_Simple_Demo.elf elf32-littlearm)

.debug_info     0x00000000     0x5967
 .debug_info    0x00000000      0x5c9 src\system_stm32f4xx.o
 .debug_info    0x000005c9      0x100 src\stm32f4xx_it.o
 .debug_info    0x000006c9       0x9f src\startup_stm32f4xx.o
 .debug_info    0x00000768      0x507 src\main.o
 .debug_info    0x00000c6f      0x122 src\STM32F4-Discovery_callback.o
 .debug_info    0x00000d91     0x1084 Utilities\STM32F4-Discovery\stm32f4_discovery_audio_codec.o
 .debug_info    0x00001e15      0xb13 Libraries\STM32F4xx_StdPeriph_Driver\src\stm32f4xx_spi.o
 .debug_info    0x00002928      0x745 Libraries\STM32F4xx_StdPeriph_Driver\src\stm32f4xx_dma.o
 .debug_info    0x0000306d      0x649 Libraries\STM32F4xx_StdPeriph_Driver\src\stm32f4xx_dac.o
 .debug_info    0x000036b6      0x6f2 FreeRTOS_Source\timers.o
 .debug_info    0x00003da8      0xd7d FreeRTOS_Source\tasks.o
 .debug_info    0x00004b25      0x861 FreeRTOS_Source\queue.o
 .debug_info    0x00005386      0x181 FreeRTOS_Source\portable\MemMang\heap_1.o
 .debug_info    0x00005507      0x1d6 FreeRTOS_Source\portable\GCC\ARM_CM4F\port.o
 .debug_info    0x000056dd      0x28a FreeRTOS_Source\list.o

.debug_abbrev   0x00000000     0x1274
 .debug_abbrev  0x00000000      0x13a src\system_stm32f4xx.o
 .debug_abbrev  0x0000013a       0x67 src\stm32f4xx_it.o
 .debug_abbrev  0x000001a1       0x12 src\startup_stm32f4xx.o
 .debug_abbrev  0x000001b3      0x18b src\main.o
 .debug_abbrev  0x0000033e       0x92 src\STM32F4-Discovery_callback.o
 .debug_abbrev  0x000003d0      0x267 Utilities\STM32F4-Discovery\stm32f4_discovery_audio_codec.o
 .debug_abbrev  0x00000637      0x16b Libraries\STM32F4xx_StdPeriph_Driver\src\stm32f4xx_spi.o
 .debug_abbrev  0x000007a2      0x159 Libraries\STM32F4xx_StdPeriph_Driver\src\stm32f4xx_dma.o
 .debug_abbrev  0x000008fb      0x180 Libraries\STM32F4xx_StdPeriph_Driver\src\stm32f4xx_dac.o
 .debug_abbrev  0x00000a7b      0x175 FreeRTOS_Source\timers.o
 .debug_abbrev  0x00000bf0      0x1e0 FreeRTOS_Source\tasks.o
 .debug_abbrev  0x00000dd0      0x17e FreeRTOS_Source\queue.o
 .debug_abbrev  0x00000f4e      0x122 FreeRTOS_Source\portable\MemMang\heap_1.o
 .debug_abbrev  0x00001070      0x148 FreeRTOS_Source\portable\GCC\ARM_CM4F\port.o
 .debug_abbrev  0x000011b8       0xbc FreeRTOS_Source\list.o

.debug_aranges  0x00000000      0x808
 .debug_aranges
                0x00000000       0x30 src\system_stm32f4xx.o
 .debug_aranges
                0x00000030       0x48 src\stm32f4xx_it.o
 .debug_aranges
                0x00000078       0x28 src\startup_stm32f4xx.o
 .debug_aranges
                0x000000a0       0x70 src\main.o
 .debug_aranges
                0x00000110       0x30 src\STM32F4-Discovery_callback.o
 .debug_aranges
                0x00000140      0x130 Utilities\STM32F4-Discovery\stm32f4_discovery_audio_codec.o
 .debug_aranges
                0x00000270       0xe0 Libraries\STM32F4xx_StdPeriph_Driver\src\stm32f4xx_spi.o
 .debug_aranges
                0x00000350       0xb0 Libraries\STM32F4xx_StdPeriph_Driver\src\stm32f4xx_dma.o
 .debug_aranges
                0x00000400       0xa0 Libraries\STM32F4xx_StdPeriph_Driver\src\stm32f4xx_dac.o
 .debug_aranges
                0x000004a0       0x88 FreeRTOS_Source\timers.o
 .debug_aranges
                0x00000528      0x138 FreeRTOS_Source\tasks.o
 .debug_aranges
                0x00000660       0xb8 FreeRTOS_Source\queue.o
 .debug_aranges
                0x00000718       0x38 FreeRTOS_Source\portable\MemMang\heap_1.o
 .debug_aranges
                0x00000750       0x78 FreeRTOS_Source\portable\GCC\ARM_CM4F\port.o
 .debug_aranges
                0x000007c8       0x40 FreeRTOS_Source\list.o

.debug_ranges   0x00000000      0x720
 .debug_ranges  0x00000000       0x20 src\system_stm32f4xx.o
 .debug_ranges  0x00000020       0x38 src\stm32f4xx_it.o
 .debug_ranges  0x00000058       0x20 src\startup_stm32f4xx.o
 .debug_ranges  0x00000078       0x60 src\main.o
 .debug_ranges  0x000000d8       0x20 src\STM32F4-Discovery_callback.o
 .debug_ranges  0x000000f8      0x120 Utilities\STM32F4-Discovery\stm32f4_discovery_audio_codec.o
 .debug_ranges  0x00000218       0xd0 Libraries\STM32F4xx_StdPeriph_Driver\src\stm32f4xx_spi.o
 .debug_ranges  0x000002e8       0xa0 Libraries\STM32F4xx_StdPeriph_Driver\src\stm32f4xx_dma.o
 .debug_ranges  0x00000388       0x90 Libraries\STM32F4xx_StdPeriph_Driver\src\stm32f4xx_dac.o
 .debug_ranges  0x00000418       0x78 FreeRTOS_Source\timers.o
 .debug_ranges  0x00000490      0x128 FreeRTOS_Source\tasks.o
 .debug_ranges  0x000005b8       0xa8 FreeRTOS_Source\queue.o
 .debug_ranges  0x00000660       0x28 FreeRTOS_Source\portable\MemMang\heap_1.o
 .debug_ranges  0x00000688       0x68 FreeRTOS_Source\portable\GCC\ARM_CM4F\port.o
 .debug_ranges  0x000006f0       0x30 FreeRTOS_Source\list.o

.debug_line     0x00000000     0x2db2
 .debug_line    0x00000000      0x1ff src\system_stm32f4xx.o
 .debug_line    0x000001ff      0x1b4 src\stm32f4xx_it.o
 .debug_line    0x000003b3       0x77 src\startup_stm32f4xx.o
 .debug_line    0x0000042a      0x35d src\main.o
 .debug_line    0x00000787      0x184 src\STM32F4-Discovery_callback.o
 .debug_line    0x0000090b      0x6c7 Utilities\STM32F4-Discovery\stm32f4_discovery_audio_codec.o
 .debug_line    0x00000fd2      0x454 Libraries\STM32F4xx_StdPeriph_Driver\src\stm32f4xx_spi.o
 .debug_line    0x00001426      0x425 Libraries\STM32F4xx_StdPeriph_Driver\src\stm32f4xx_dma.o
 .debug_line    0x0000184b      0x34d Libraries\STM32F4xx_StdPeriph_Driver\src\stm32f4xx_dac.o
 .debug_line    0x00001b98      0x284 FreeRTOS_Source\timers.o
 .debug_line    0x00001e1c      0x731 FreeRTOS_Source\tasks.o
 .debug_line    0x0000254d      0x4ac FreeRTOS_Source\queue.o
 .debug_line    0x000029f9      0x11c FreeRTOS_Source\portable\MemMang\heap_1.o
 .debug_line    0x00002b15      0x182 FreeRTOS_Source\portable\GCC\ARM_CM4F\port.o
 .debug_line    0x00002c97      0x11b FreeRTOS_Source\list.o

.debug_str      0x00000000     0x2df0
 .debug_str     0x00000000      0x3b8 src\system_stm32f4xx.o
                                0x41e (size before relaxing)
 .debug_str     0x000003b8       0x7b src\stm32f4xx_it.o
                                0x243 (size before relaxing)
 .debug_str     0x00000433      0x257 src\main.o
                                0x4ca (size before relaxing)
 .debug_str     0x0000068a       0x8c src\STM32F4-Discovery_callback.o
                                0x281 (size before relaxing)
 .debug_str     0x00000716      0xe5e Utilities\STM32F4-Discovery\stm32f4_discovery_audio_codec.o
                               0x10f7 (size before relaxing)
 .debug_str     0x00001574      0x33f Libraries\STM32F4xx_StdPeriph_Driver\src\stm32f4xx_spi.o
                                0x71d (size before relaxing)
 .debug_str     0x000018b3      0x25a Libraries\STM32F4xx_StdPeriph_Driver\src\stm32f4xx_dma.o
                                0x5d5 (size before relaxing)
 .debug_str     0x00001b0d      0x225 Libraries\STM32F4xx_StdPeriph_Driver\src\stm32f4xx_dac.o
                                0x4e6 (size before relaxing)
 .debug_str     0x00001d32      0x3eb FreeRTOS_Source\timers.o
                                0x5e0 (size before relaxing)
 .debug_str     0x0000211d      0x6f9 FreeRTOS_Source\tasks.o
                                0x9ba (size before relaxing)
 .debug_str     0x00002816      0x342 FreeRTOS_Source\queue.o
                                0x64d (size before relaxing)
 .debug_str     0x00002b58       0xb1 FreeRTOS_Source\portable\MemMang\heap_1.o
                                0x296 (size before relaxing)
 .debug_str     0x00002c09      0x13a FreeRTOS_Source\portable\GCC\ARM_CM4F\port.o
                                0x2f3 (size before relaxing)
 .debug_str     0x00002d43       0xad FreeRTOS_Source\list.o
                                0x305 (size before relaxing)

.comment        0x00000000       0x7e
 .comment       0x00000000       0x7e src\system_stm32f4xx.o
                                 0x7f (size before relaxing)
 .comment       0x0000007e       0x7f src\stm32f4xx_it.o
 .comment       0x0000007e       0x7f src\main.o
 .comment       0x0000007e       0x7f src\STM32F4-Discovery_callback.o
 .comment       0x0000007e       0x7f Utilities\STM32F4-Discovery\stm32f4_discovery_audio_codec.o
 .comment       0x0000007e       0x7f Libraries\STM32F4xx_StdPeriph_Driver\src\stm32f4xx_spi.o
 .comment       0x0000007e       0x7f Libraries\STM32F4xx_StdPeriph_Driver\src\stm32f4xx_dma.o
 .comment       0x0000007e       0x7f Libraries\STM32F4xx_StdPeriph_Driver\src\stm32f4xx_dac.o
 .comment       0x0000007e       0x7f FreeRTOS_Source\timers.o
 .comment       0x0000007e       0x7f FreeRTOS_Source\tasks.o
 .comment       0x0000007e       0x7f FreeRTOS_Source\queue.o
 .comment       0x0000007e       0x7f FreeRTOS_Source\portable\MemMang\heap_1.o
 .comment       0x0000007e       0x7f FreeRTOS_Source\portable\GCC\ARM_CM4F\port.o
 .comment       0x0000007e       0x7f FreeRTOS_Source\list.o

.debug_frame    0x00000000     0x1f2c
 .debug_frame   0x00000000       0x7c src\system_stm32f4xx.o
 .debug_frame   0x0000007c       0xb0 src\stm32f4xx_it.o
 .debug_frame   0x0000012c      0x178 src\main.o
 .debug_frame   0x000002a4       0x70 src\STM32F4-Discovery_callback.o
 .debug_frame   0x00000314      0x4bc Utilities\STM32F4-Discovery\stm32f4_discovery_audio_codec.o
 .debug_frame   0x000007d0      0x3f4 Libraries\STM32F4xx_StdPeriph_Driver\src\stm32f4xx_spi.o
 .debug_frame   0x00000bc4      0x308 Libraries\STM32F4xx_StdPeriph_Driver\src\stm32f4xx_dma.o
 .debug_frame   0x00000ecc      0x2ac Libraries\STM32F4xx_StdPeriph_Driver\src\stm32f4xx_dac.o
 .debug_frame   0x00001178      0x20c FreeRTOS_Source\timers.o
 .debug_frame   0x00001384      0x524 FreeRTOS_Source\tasks.o
 .debug_frame   0x000018a8      0x2f4 FreeRTOS_Source\queue.o
 .debug_frame   0x00001b9c       0x9c FreeRTOS_Source\portable\MemMang\heap_1.o
 .debug_frame   0x00001c38      0x158 FreeRTOS_Source\portable\GCC\ARM_CM4F\port.o
 .debug_frame   0x00001d90       0xd8 FreeRTOS_Source\list.o
 .debug_frame   0x00001e68       0x2c c:/program files (x86)/atollic/truestudio for arm 5.5.2/armtools/bin/../lib/gcc/arm-atollic-eabi/5.3.1/../../../../arm-atollic-eabi/lib/armv7e-m/softfp\libc.a(lib_a-init.o)
 .debug_frame   0x00001e94       0x28 c:/program files (x86)/atollic/truestudio for arm 5.5.2/armtools/bin/../lib/gcc/arm-atollic-eabi/5.3.1/../../../../arm-atollic-eabi/lib/armv7e-m/softfp\libc.a(lib_a-memcmp.o)
 .debug_frame   0x00001ebc       0x28 c:/program files (x86)/atollic/truestudio for arm 5.5.2/armtools/bin/../lib/gcc/arm-atollic-eabi/5.3.1/../../../../arm-atollic-eabi/lib/armv7e-m/softfp\libc.a(lib_a-memcpy-stub.o)
 .debug_frame   0x00001ee4       0x20 c:/program files (x86)/atollic/truestudio for arm 5.5.2/armtools/bin/../lib/gcc/arm-atollic-eabi/5.3.1/../../../../arm-atollic-eabi/lib/armv7e-m/softfp\libc.a(lib_a-memset.o)
 .debug_frame   0x00001f04       0x28 c:/program files (x86)/atollic/truestudio for arm 5.5.2/armtools/bin/../lib/gcc/arm-atollic-eabi/5.3.1/../../../../arm-atollic-eabi/lib/armv7e-m/softfp\libc.a(lib_a-strncpy.o)

.stabstr        0x00000000       0x3f
 .stabstr       0x00000000       0x3f c:/program files (x86)/atollic/truestudio for arm 5.5.2/armtools/bin/../lib/gcc/arm-atollic-eabi/5.3.1/../../../../arm-atollic-eabi/lib/armv7e-m/softfp\libnosys.a(write.o)

Cross Reference Table

Symbol                                            File
ADC_AnalogWatchdogCmd                             Libraries\STM32F4xx_StdPeriph_Driver\src\stm32f4xx_adc.o
ADC_AnalogWatchdogSingleChannelConfig             Libraries\STM32F4xx_StdPeriph_Driver\src\stm32f4xx_adc.o
ADC_AnalogWatchdogThresholdsConfig                Libraries\STM32F4xx_StdPeriph_Driver\src\stm32f4xx_adc.o
ADC_AutoInjectedConvCmd                           Libraries\STM32F4xx_StdPeriph_Driver\src\stm32f4xx_adc.o
ADC_ClearFlag                                     Libraries\STM32F4xx_StdPeriph_Driver\src\stm32f4xx_adc.o
ADC_ClearITPendingBit                             Libraries\STM32F4xx_StdPeriph_Driver\src\stm32f4xx_adc.o
ADC_Cmd                                           Libraries\STM32F4xx_StdPeriph_Driver\src\stm32f4xx_adc.o
ADC_CommonInit                                    Libraries\STM32F4xx_StdPeriph_Driver\src\stm32f4xx_adc.o
ADC_CommonStructInit                              Libraries\STM32F4xx_StdPeriph_Driver\src\stm32f4xx_adc.o
ADC_ContinuousModeCmd                             Libraries\STM32F4xx_StdPeriph_Driver\src\stm32f4xx_adc.o
ADC_DMACmd                                        Libraries\STM32F4xx_StdPeriph_Driver\src\stm32f4xx_adc.o
ADC_DMARequestAfterLastTransferCmd                Libraries\STM32F4xx_StdPeriph_Driver\src\stm32f4xx_adc.o
ADC_DeInit                                        Libraries\STM32F4xx_StdPeriph_Driver\src\stm32f4xx_adc.o
ADC_DiscModeChannelCountConfig                    Libraries\STM32F4xx_StdPeriph_Driver\src\stm32f4xx_adc.o
ADC_DiscModeCmd                                   Libraries\STM32F4xx_StdPeriph_Driver\src\stm32f4xx_adc.o
ADC_EOCOnEachRegularChannelCmd                    Libraries\STM32F4xx_StdPeriph_Driver\src\stm32f4xx_adc.o
ADC_ExternalTrigInjectedConvConfig                Libraries\STM32F4xx_StdPeriph_Driver\src\stm32f4xx_adc.o
ADC_ExternalTrigInjectedConvEdgeConfig            Libraries\STM32F4xx_StdPeriph_Driver\src\stm32f4xx_adc.o
ADC_GetConversionValue                            Libraries\STM32F4xx_StdPeriph_Driver\src\stm32f4xx_adc.o
ADC_GetFlagStatus                                 Libraries\STM32F4xx_StdPeriph_Driver\src\stm32f4xx_adc.o
ADC_GetITStatus                                   Libraries\STM32F4xx_StdPeriph_Driver\src\stm32f4xx_adc.o
ADC_GetInjectedConversionValue                    Libraries\STM32F4xx_StdPeriph_Driver\src\stm32f4xx_adc.o
ADC_GetMultiModeConversionValue                   Libraries\STM32F4xx_StdPeriph_Driver\src\stm32f4xx_adc.o
ADC_GetSoftwareStartConvStatus                    Libraries\STM32F4xx_StdPeriph_Driver\src\stm32f4xx_adc.o
ADC_GetSoftwareStartInjectedConvCmdStatus         Libraries\STM32F4xx_StdPeriph_Driver\src\stm32f4xx_adc.o
ADC_IRQHandler                                    src\startup_stm32f4xx.o
ADC_ITConfig                                      Libraries\STM32F4xx_StdPeriph_Driver\src\stm32f4xx_adc.o
ADC_Init                                          Libraries\STM32F4xx_StdPeriph_Driver\src\stm32f4xx_adc.o
ADC_InjectedChannelConfig                         Libraries\STM32F4xx_StdPeriph_Driver\src\stm32f4xx_adc.o
ADC_InjectedDiscModeCmd                           Libraries\STM32F4xx_StdPeriph_Driver\src\stm32f4xx_adc.o
ADC_InjectedSequencerLengthConfig                 Libraries\STM32F4xx_StdPeriph_Driver\src\stm32f4xx_adc.o
ADC_MultiModeDMARequestAfterLastTransferCmd       Libraries\STM32F4xx_StdPeriph_Driver\src\stm32f4xx_adc.o
ADC_RegularChannelConfig                          Libraries\STM32F4xx_StdPeriph_Driver\src\stm32f4xx_adc.o
ADC_SetInjectedOffset                             Libraries\STM32F4xx_StdPeriph_Driver\src\stm32f4xx_adc.o
ADC_SoftwareStartConv                             Libraries\STM32F4xx_StdPeriph_Driver\src\stm32f4xx_adc.o
ADC_SoftwareStartInjectedConv                     Libraries\STM32F4xx_StdPeriph_Driver\src\stm32f4xx_adc.o
ADC_StructInit                                    Libraries\STM32F4xx_StdPeriph_Driver\src\stm32f4xx_adc.o
ADC_TempSensorVrefintCmd                          Libraries\STM32F4xx_StdPeriph_Driver\src\stm32f4xx_adc.o
ADC_VBATCmd                                       Libraries\STM32F4xx_StdPeriph_Driver\src\stm32f4xx_adc.o
AHBPrescTable                                     src\system_stm32f4xx.o
AUDIO_MAL_DMA_CHANNEL                             Utilities\STM32F4-Discovery\stm32f4_discovery_audio_codec.o
AUDIO_MAL_DMA_CLOCK                               Utilities\STM32F4-Discovery\stm32f4_discovery_audio_codec.o
AUDIO_MAL_DMA_DREG                                Utilities\STM32F4-Discovery\stm32f4_discovery_audio_codec.o
AUDIO_MAL_DMA_FLAG_DME                            Utilities\STM32F4-Discovery\stm32f4_discovery_audio_codec.o
AUDIO_MAL_DMA_FLAG_FE                             Utilities\STM32F4-Discovery\stm32f4_discovery_audio_codec.o
AUDIO_MAL_DMA_FLAG_HT                             Utilities\STM32F4-Discovery\stm32f4_discovery_audio_codec.o
AUDIO_MAL_DMA_FLAG_TC                             Utilities\STM32F4-Discovery\stm32f4_discovery_audio_codec.o
AUDIO_MAL_DMA_FLAG_TE                             Utilities\STM32F4-Discovery\stm32f4_discovery_audio_codec.o
AUDIO_MAL_DMA_IRQ                                 Utilities\STM32F4-Discovery\stm32f4_discovery_audio_codec.o
AUDIO_MAL_DMA_InitStructure                       Utilities\STM32F4-Discovery\stm32f4_discovery_audio_codec.o
AUDIO_MAL_DMA_STREAM                              Utilities\STM32F4-Discovery\stm32f4_discovery_audio_codec.o
AudioRemSize                                      Utilities\STM32F4-Discovery\stm32f4_discovery_audio_codec.o
AudioTotalSize                                    Utilities\STM32F4-Discovery\stm32f4_discovery_audio_codec.o
Audio_MAL_Play                                    Utilities\STM32F4-Discovery\stm32f4_discovery_audio_codec.o
BUTTON_CLK                                        Utilities\STM32F4-Discovery\stm32f4_discovery.o
BUTTON_EXTI_LINE                                  Utilities\STM32F4-Discovery\stm32f4_discovery.o
BUTTON_IRQn                                       Utilities\STM32F4-Discovery\stm32f4_discovery.o
BUTTON_PIN                                        Utilities\STM32F4-Discovery\stm32f4_discovery.o
BUTTON_PIN_SOURCE                                 Utilities\STM32F4-Discovery\stm32f4_discovery.o
BUTTON_PORT                                       Utilities\STM32F4-Discovery\stm32f4_discovery.o
BUTTON_PORT_SOURCE                                Utilities\STM32F4-Discovery\stm32f4_discovery.o
BusFault_Handler                                  src\stm32f4xx_it.o
CAN1_RX0_IRQHandler                               src\startup_stm32f4xx.o
CAN1_RX1_IRQHandler                               src\startup_stm32f4xx.o
CAN1_SCE_IRQHandler                               src\startup_stm32f4xx.o
CAN1_TX_IRQHandler                                src\startup_stm32f4xx.o
CAN2_RX0_IRQHandler                               src\startup_stm32f4xx.o
CAN2_RX1_IRQHandler                               src\startup_stm32f4xx.o
CAN2_SCE_IRQHandler                               src\startup_stm32f4xx.o
CAN2_TX_IRQHandler                                src\startup_stm32f4xx.o
CAN_CancelTransmit                                Libraries\STM32F4xx_StdPeriph_Driver\src\stm32f4xx_can.o
CAN_ClearFlag                                     Libraries\STM32F4xx_StdPeriph_Driver\src\stm32f4xx_can.o
CAN_ClearITPendingBit                             Libraries\STM32F4xx_StdPeriph_Driver\src\stm32f4xx_can.o
CAN_DBGFreeze                                     Libraries\STM32F4xx_StdPeriph_Driver\src\stm32f4xx_can.o
CAN_DeInit                                        Libraries\STM32F4xx_StdPeriph_Driver\src\stm32f4xx_can.o
CAN_FIFORelease                                   Libraries\STM32F4xx_StdPeriph_Driver\src\stm32f4xx_can.o
CAN_FilterInit                                    Libraries\STM32F4xx_StdPeriph_Driver\src\stm32f4xx_can.o
CAN_GetFlagStatus                                 Libraries\STM32F4xx_StdPeriph_Driver\src\stm32f4xx_can.o
CAN_GetITStatus                                   Libraries\STM32F4xx_StdPeriph_Driver\src\stm32f4xx_can.o
CAN_GetLSBTransmitErrorCounter                    Libraries\STM32F4xx_StdPeriph_Driver\src\stm32f4xx_can.o
CAN_GetLastErrorCode                              Libraries\STM32F4xx_StdPeriph_Driver\src\stm32f4xx_can.o
CAN_GetReceiveErrorCounter                        Libraries\STM32F4xx_StdPeriph_Driver\src\stm32f4xx_can.o
CAN_ITConfig                                      Libraries\STM32F4xx_StdPeriph_Driver\src\stm32f4xx_can.o
CAN_Init                                          Libraries\STM32F4xx_StdPeriph_Driver\src\stm32f4xx_can.o
CAN_MessagePending                                Libraries\STM32F4xx_StdPeriph_Driver\src\stm32f4xx_can.o
CAN_OperatingModeRequest                          Libraries\STM32F4xx_StdPeriph_Driver\src\stm32f4xx_can.o
CAN_Receive                                       Libraries\STM32F4xx_StdPeriph_Driver\src\stm32f4xx_can.o
CAN_SlaveStartBank                                Libraries\STM32F4xx_StdPeriph_Driver\src\stm32f4xx_can.o
CAN_Sleep                                         Libraries\STM32F4xx_StdPeriph_Driver\src\stm32f4xx_can.o
CAN_StructInit                                    Libraries\STM32F4xx_StdPeriph_Driver\src\stm32f4xx_can.o
CAN_TTComModeCmd                                  Libraries\STM32F4xx_StdPeriph_Driver\src\stm32f4xx_can.o
CAN_Transmit                                      Libraries\STM32F4xx_StdPeriph_Driver\src\stm32f4xx_can.o
CAN_TransmitStatus                                Libraries\STM32F4xx_StdPeriph_Driver\src\stm32f4xx_can.o
CAN_WakeUp                                        Libraries\STM32F4xx_StdPeriph_Driver\src\stm32f4xx_can.o
CODECTimeout                                      Utilities\STM32F4-Discovery\stm32f4_discovery_audio_codec.o
CRC_CalcBlockCRC                                  Libraries\STM32F4xx_StdPeriph_Driver\src\stm32f4xx_crc.o
CRC_CalcCRC                                       Libraries\STM32F4xx_StdPeriph_Driver\src\stm32f4xx_crc.o
CRC_GetCRC                                        Libraries\STM32F4xx_StdPeriph_Driver\src\stm32f4xx_crc.o
CRC_GetIDRegister                                 Libraries\STM32F4xx_StdPeriph_Driver\src\stm32f4xx_crc.o
CRC_ResetDR                                       Libraries\STM32F4xx_StdPeriph_Driver\src\stm32f4xx_crc.o
CRC_SetIDRegister                                 Libraries\STM32F4xx_StdPeriph_Driver\src\stm32f4xx_crc.o
CRYP_AES_CBC                                      Libraries\STM32F4xx_StdPeriph_Driver\src\stm32f4xx_cryp_aes.o
CRYP_AES_CTR                                      Libraries\STM32F4xx_StdPeriph_Driver\src\stm32f4xx_cryp_aes.o
CRYP_AES_ECB                                      Libraries\STM32F4xx_StdPeriph_Driver\src\stm32f4xx_cryp_aes.o
CRYP_Cmd                                          Libraries\STM32F4xx_StdPeriph_Driver\src\stm32f4xx_cryp.o
                                                  Libraries\STM32F4xx_StdPeriph_Driver\src\stm32f4xx_cryp_aes.o
                                                  Libraries\STM32F4xx_StdPeriph_Driver\src\stm32f4xx_cryp_des.o
                                                  Libraries\STM32F4xx_StdPeriph_Driver\src\stm32f4xx_cryp_tdes.o
CRYP_DES_CBC                                      Libraries\STM32F4xx_StdPeriph_Driver\src\stm32f4xx_cryp_des.o
CRYP_DES_ECB                                      Libraries\STM32F4xx_StdPeriph_Driver\src\stm32f4xx_cryp_des.o
CRYP_DMACmd                                       Libraries\STM32F4xx_StdPeriph_Driver\src\stm32f4xx_cryp.o
CRYP_DataIn                                       Libraries\STM32F4xx_StdPeriph_Driver\src\stm32f4xx_cryp.o
                                                  Libraries\STM32F4xx_StdPeriph_Driver\src\stm32f4xx_cryp_aes.o
                                                  Libraries\STM32F4xx_StdPeriph_Driver\src\stm32f4xx_cryp_des.o
                                                  Libraries\STM32F4xx_StdPeriph_Driver\src\stm32f4xx_cryp_tdes.o
CRYP_DataOut                                      Libraries\STM32F4xx_StdPeriph_Driver\src\stm32f4xx_cryp.o
                                                  Libraries\STM32F4xx_StdPeriph_Driver\src\stm32f4xx_cryp_aes.o
                                                  Libraries\STM32F4xx_StdPeriph_Driver\src\stm32f4xx_cryp_des.o
                                                  Libraries\STM32F4xx_StdPeriph_Driver\src\stm32f4xx_cryp_tdes.o
CRYP_DeInit                                       Libraries\STM32F4xx_StdPeriph_Driver\src\stm32f4xx_cryp.o
CRYP_FIFOFlush                                    Libraries\STM32F4xx_StdPeriph_Driver\src\stm32f4xx_cryp.o
                                                  Libraries\STM32F4xx_StdPeriph_Driver\src\stm32f4xx_cryp_aes.o
                                                  Libraries\STM32F4xx_StdPeriph_Driver\src\stm32f4xx_cryp_des.o
                                                  Libraries\STM32F4xx_StdPeriph_Driver\src\stm32f4xx_cryp_tdes.o
CRYP_GetFlagStatus                                Libraries\STM32F4xx_StdPeriph_Driver\src\stm32f4xx_cryp.o
                                                  Libraries\STM32F4xx_StdPeriph_Driver\src\stm32f4xx_cryp_aes.o
                                                  Libraries\STM32F4xx_StdPeriph_Driver\src\stm32f4xx_cryp_des.o
                                                  Libraries\STM32F4xx_StdPeriph_Driver\src\stm32f4xx_cryp_tdes.o
CRYP_GetITStatus                                  Libraries\STM32F4xx_StdPeriph_Driver\src\stm32f4xx_cryp.o
CRYP_IRQHandler                                   src\startup_stm32f4xx.o
CRYP_ITConfig                                     Libraries\STM32F4xx_StdPeriph_Driver\src\stm32f4xx_cryp.o
CRYP_IVInit                                       Libraries\STM32F4xx_StdPeriph_Driver\src\stm32f4xx_cryp.o
                                                  Libraries\STM32F4xx_StdPeriph_Driver\src\stm32f4xx_cryp_aes.o
                                                  Libraries\STM32F4xx_StdPeriph_Driver\src\stm32f4xx_cryp_des.o
                                                  Libraries\STM32F4xx_StdPeriph_Driver\src\stm32f4xx_cryp_tdes.o
CRYP_IVStructInit                                 Libraries\STM32F4xx_StdPeriph_Driver\src\stm32f4xx_cryp.o
CRYP_Init                                         Libraries\STM32F4xx_StdPeriph_Driver\src\stm32f4xx_cryp.o
                                                  Libraries\STM32F4xx_StdPeriph_Driver\src\stm32f4xx_cryp_aes.o
                                                  Libraries\STM32F4xx_StdPeriph_Driver\src\stm32f4xx_cryp_des.o
                                                  Libraries\STM32F4xx_StdPeriph_Driver\src\stm32f4xx_cryp_tdes.o
CRYP_KeyInit                                      Libraries\STM32F4xx_StdPeriph_Driver\src\stm32f4xx_cryp.o
                                                  Libraries\STM32F4xx_StdPeriph_Driver\src\stm32f4xx_cryp_aes.o
                                                  Libraries\STM32F4xx_StdPeriph_Driver\src\stm32f4xx_cryp_des.o
                                                  Libraries\STM32F4xx_StdPeriph_Driver\src\stm32f4xx_cryp_tdes.o
CRYP_KeyStructInit                                Libraries\STM32F4xx_StdPeriph_Driver\src\stm32f4xx_cryp.o
                                                  Libraries\STM32F4xx_StdPeriph_Driver\src\stm32f4xx_cryp_aes.o
                                                  Libraries\STM32F4xx_StdPeriph_Driver\src\stm32f4xx_cryp_des.o
                                                  Libraries\STM32F4xx_StdPeriph_Driver\src\stm32f4xx_cryp_tdes.o
CRYP_RestoreContext                               Libraries\STM32F4xx_StdPeriph_Driver\src\stm32f4xx_cryp.o
CRYP_SaveContext                                  Libraries\STM32F4xx_StdPeriph_Driver\src\stm32f4xx_cryp.o
CRYP_StructInit                                   Libraries\STM32F4xx_StdPeriph_Driver\src\stm32f4xx_cryp.o
CRYP_TDES_CBC                                     Libraries\STM32F4xx_StdPeriph_Driver\src\stm32f4xx_cryp_tdes.o
CRYP_TDES_ECB                                     Libraries\STM32F4xx_StdPeriph_Driver\src\stm32f4xx_cryp_tdes.o
Codec_TIMEOUT_UserCallback                        Utilities\STM32F4-Discovery\stm32f4_discovery_audio_codec.o
CurrAudioInterface                                Utilities\STM32F4-Discovery\stm32f4_discovery_audio_codec.o
CurrentPos                                        Utilities\STM32F4-Discovery\stm32f4_discovery_audio_codec.o
DAC_ClearFlag                                     Libraries\STM32F4xx_StdPeriph_Driver\src\stm32f4xx_dac.o
DAC_ClearITPendingBit                             Libraries\STM32F4xx_StdPeriph_Driver\src\stm32f4xx_dac.o
DAC_Cmd                                           Libraries\STM32F4xx_StdPeriph_Driver\src\stm32f4xx_dac.o
                                                  Utilities\STM32F4-Discovery\stm32f4_discovery_audio_codec.o
DAC_Config                                        Utilities\STM32F4-Discovery\stm32f4_discovery_audio_codec.o
DAC_DMACmd                                        Libraries\STM32F4xx_StdPeriph_Driver\src\stm32f4xx_dac.o
DAC_DeInit                                        Libraries\STM32F4xx_StdPeriph_Driver\src\stm32f4xx_dac.o
DAC_DualSoftwareTriggerCmd                        Libraries\STM32F4xx_StdPeriph_Driver\src\stm32f4xx_dac.o
DAC_GetDataOutputValue                            Libraries\STM32F4xx_StdPeriph_Driver\src\stm32f4xx_dac.o
DAC_GetFlagStatus                                 Libraries\STM32F4xx_StdPeriph_Driver\src\stm32f4xx_dac.o
DAC_GetITStatus                                   Libraries\STM32F4xx_StdPeriph_Driver\src\stm32f4xx_dac.o
DAC_ITConfig                                      Libraries\STM32F4xx_StdPeriph_Driver\src\stm32f4xx_dac.o
DAC_Init                                          Libraries\STM32F4xx_StdPeriph_Driver\src\stm32f4xx_dac.o
                                                  Utilities\STM32F4-Discovery\stm32f4_discovery_audio_codec.o
DAC_SetChannel1Data                               Libraries\STM32F4xx_StdPeriph_Driver\src\stm32f4xx_dac.o
                                                  Utilities\STM32F4-Discovery\stm32f4_discovery_audio_codec.o
DAC_SetChannel2Data                               Libraries\STM32F4xx_StdPeriph_Driver\src\stm32f4xx_dac.o
DAC_SetDualChannelData                            Libraries\STM32F4xx_StdPeriph_Driver\src\stm32f4xx_dac.o
DAC_SoftwareTriggerCmd                            Libraries\STM32F4xx_StdPeriph_Driver\src\stm32f4xx_dac.o
DAC_StructInit                                    Libraries\STM32F4xx_StdPeriph_Driver\src\stm32f4xx_dac.o
DAC_WaveGenerationCmd                             Libraries\STM32F4xx_StdPeriph_Driver\src\stm32f4xx_dac.o
DBGMCU_APB1PeriphConfig                           Libraries\STM32F4xx_StdPeriph_Driver\src\stm32f4xx_dbgmcu.o
DBGMCU_APB2PeriphConfig                           Libraries\STM32F4xx_StdPeriph_Driver\src\stm32f4xx_dbgmcu.o
DBGMCU_Config                                     Libraries\STM32F4xx_StdPeriph_Driver\src\stm32f4xx_dbgmcu.o
DBGMCU_GetDEVID                                   Libraries\STM32F4xx_StdPeriph_Driver\src\stm32f4xx_dbgmcu.o
DBGMCU_GetREVID                                   Libraries\STM32F4xx_StdPeriph_Driver\src\stm32f4xx_dbgmcu.o
DCMI_CROPCmd                                      Libraries\STM32F4xx_StdPeriph_Driver\src\stm32f4xx_dcmi.o
DCMI_CROPConfig                                   Libraries\STM32F4xx_StdPeriph_Driver\src\stm32f4xx_dcmi.o
DCMI_CaptureCmd                                   Libraries\STM32F4xx_StdPeriph_Driver\src\stm32f4xx_dcmi.o
DCMI_ClearFlag                                    Libraries\STM32F4xx_StdPeriph_Driver\src\stm32f4xx_dcmi.o
DCMI_ClearITPendingBit                            Libraries\STM32F4xx_StdPeriph_Driver\src\stm32f4xx_dcmi.o
DCMI_Cmd                                          Libraries\STM32F4xx_StdPeriph_Driver\src\stm32f4xx_dcmi.o
DCMI_DeInit                                       Libraries\STM32F4xx_StdPeriph_Driver\src\stm32f4xx_dcmi.o
DCMI_GetFlagStatus                                Libraries\STM32F4xx_StdPeriph_Driver\src\stm32f4xx_dcmi.o
DCMI_GetITStatus                                  Libraries\STM32F4xx_StdPeriph_Driver\src\stm32f4xx_dcmi.o
DCMI_IRQHandler                                   src\startup_stm32f4xx.o
DCMI_ITConfig                                     Libraries\STM32F4xx_StdPeriph_Driver\src\stm32f4xx_dcmi.o
DCMI_Init                                         Libraries\STM32F4xx_StdPeriph_Driver\src\stm32f4xx_dcmi.o
DCMI_JPEGCmd                                      Libraries\STM32F4xx_StdPeriph_Driver\src\stm32f4xx_dcmi.o
DCMI_ReadData                                     Libraries\STM32F4xx_StdPeriph_Driver\src\stm32f4xx_dcmi.o
DCMI_SetEmbeddedSynchroCodes                      Libraries\STM32F4xx_StdPeriph_Driver\src\stm32f4xx_dcmi.o
DCMI_StructInit                                   Libraries\STM32F4xx_StdPeriph_Driver\src\stm32f4xx_dcmi.o
DMA1_Stream0_IRQHandler                           Utilities\STM32F4-Discovery\stm32f4_discovery_audio_codec.o
                                                  src\startup_stm32f4xx.o
DMA1_Stream1_IRQHandler                           src\startup_stm32f4xx.o
DMA1_Stream2_IRQHandler                           src\startup_stm32f4xx.o
DMA1_Stream3_IRQHandler                           src\startup_stm32f4xx.o
DMA1_Stream4_IRQHandler                           src\startup_stm32f4xx.o
DMA1_Stream5_IRQHandler                           src\startup_stm32f4xx.o
DMA1_Stream6_IRQHandler                           src\startup_stm32f4xx.o
DMA1_Stream7_IRQHandler                           Utilities\STM32F4-Discovery\stm32f4_discovery_audio_codec.o
                                                  src\startup_stm32f4xx.o
DMA2_Stream0_IRQHandler                           src\startup_stm32f4xx.o
DMA2_Stream1_IRQHandler                           src\startup_stm32f4xx.o
DMA2_Stream2_IRQHandler                           src\startup_stm32f4xx.o
DMA2_Stream3_IRQHandler                           src\startup_stm32f4xx.o
DMA2_Stream4_IRQHandler                           src\startup_stm32f4xx.o
DMA2_Stream5_IRQHandler                           src\startup_stm32f4xx.o
DMA2_Stream6_IRQHandler                           src\startup_stm32f4xx.o
DMA2_Stream7_IRQHandler                           src\startup_stm32f4xx.o
DMA_ClearFlag                                     Libraries\STM32F4xx_StdPeriph_Driver\src\stm32f4xx_dma.o
                                                  Utilities\STM32F4-Discovery\stm32f4_discovery_audio_codec.o
DMA_ClearITPendingBit                             Libraries\STM32F4xx_StdPeriph_Driver\src\stm32f4xx_dma.o
DMA_Cmd                                           Libraries\STM32F4xx_StdPeriph_Driver\src\stm32f4xx_dma.o
                                                  Utilities\STM32F4-Discovery\stm32f4_discovery_audio_codec.o
DMA_DeInit                                        Libraries\STM32F4xx_StdPeriph_Driver\src\stm32f4xx_dma.o
                                                  Utilities\STM32F4-Discovery\stm32f4_discovery_audio_codec.o
DMA_DoubleBufferModeCmd                           Libraries\STM32F4xx_StdPeriph_Driver\src\stm32f4xx_dma.o
DMA_DoubleBufferModeConfig                        Libraries\STM32F4xx_StdPeriph_Driver\src\stm32f4xx_dma.o
DMA_FlowControllerConfig                          Libraries\STM32F4xx_StdPeriph_Driver\src\stm32f4xx_dma.o
DMA_GetCmdStatus                                  Libraries\STM32F4xx_StdPeriph_Driver\src\stm32f4xx_dma.o
                                                  Utilities\STM32F4-Discovery\stm32f4_discovery_audio_codec.o
DMA_GetCurrDataCounter                            Libraries\STM32F4xx_StdPeriph_Driver\src\stm32f4xx_dma.o
DMA_GetCurrentMemoryTarget                        Libraries\STM32F4xx_StdPeriph_Driver\src\stm32f4xx_dma.o
DMA_GetFIFOStatus                                 Libraries\STM32F4xx_StdPeriph_Driver\src\stm32f4xx_dma.o
DMA_GetFlagStatus                                 Libraries\STM32F4xx_StdPeriph_Driver\src\stm32f4xx_dma.o
                                                  Utilities\STM32F4-Discovery\stm32f4_discovery_audio_codec.o
DMA_GetITStatus                                   Libraries\STM32F4xx_StdPeriph_Driver\src\stm32f4xx_dma.o
DMA_ITConfig                                      Libraries\STM32F4xx_StdPeriph_Driver\src\stm32f4xx_dma.o
                                                  Utilities\STM32F4-Discovery\stm32f4_discovery_audio_codec.o
DMA_Init                                          Libraries\STM32F4xx_StdPeriph_Driver\src\stm32f4xx_dma.o
                                                  Utilities\STM32F4-Discovery\stm32f4_discovery_audio_codec.o
DMA_InitStructure                                 Utilities\STM32F4-Discovery\stm32f4_discovery_audio_codec.o
DMA_MemoryTargetConfig                            Libraries\STM32F4xx_StdPeriph_Driver\src\stm32f4xx_dma.o
DMA_PeriphIncOffsetSizeConfig                     Libraries\STM32F4xx_StdPeriph_Driver\src\stm32f4xx_dma.o
DMA_SetCurrDataCounter                            Libraries\STM32F4xx_StdPeriph_Driver\src\stm32f4xx_dma.o
DMA_StructInit                                    Libraries\STM32F4xx_StdPeriph_Driver\src\stm32f4xx_dma.o
DebugMon_Handler                                  src\stm32f4xx_it.o
Default_Handler                                   src\startup_stm32f4xx.o
ETH_IRQHandler                                    src\startup_stm32f4xx.o
ETH_WKUP_IRQHandler                               src\startup_stm32f4xx.o
EVAL_AUDIO_DeInit                                 Utilities\STM32F4-Discovery\stm32f4_discovery_audio_codec.o
EVAL_AUDIO_GetSampleCallBack                      src\STM32F4-Discovery_callback.o
                                                  Utilities\STM32F4-Discovery\stm32f4_discovery_audio_codec.o
EVAL_AUDIO_Init                                   Utilities\STM32F4-Discovery\stm32f4_discovery_audio_codec.o
EVAL_AUDIO_Mute                                   Utilities\STM32F4-Discovery\stm32f4_discovery_audio_codec.o
EVAL_AUDIO_PauseResume                            Utilities\STM32F4-Discovery\stm32f4_discovery_audio_codec.o
EVAL_AUDIO_Play                                   Utilities\STM32F4-Discovery\stm32f4_discovery_audio_codec.o
EVAL_AUDIO_SetAudioInterface                      Utilities\STM32F4-Discovery\stm32f4_discovery_audio_codec.o
EVAL_AUDIO_Stop                                   Utilities\STM32F4-Discovery\stm32f4_discovery_audio_codec.o
EVAL_AUDIO_TransferComplete_CallBack              src\STM32F4-Discovery_callback.o
                                                  Utilities\STM32F4-Discovery\stm32f4_discovery_audio_codec.o
EVAL_AUDIO_VolumeCtl                              Utilities\STM32F4-Discovery\stm32f4_discovery_audio_codec.o
EXTI0_IRQHandler                                  src\startup_stm32f4xx.o
EXTI15_10_IRQHandler                              src\startup_stm32f4xx.o
EXTI1_IRQHandler                                  src\startup_stm32f4xx.o
EXTI2_IRQHandler                                  src\startup_stm32f4xx.o
EXTI3_IRQHandler                                  src\startup_stm32f4xx.o
EXTI4_IRQHandler                                  src\startup_stm32f4xx.o
EXTI9_5_IRQHandler                                src\startup_stm32f4xx.o
EXTI_ClearFlag                                    Libraries\STM32F4xx_StdPeriph_Driver\src\stm32f4xx_exti.o
EXTI_ClearITPendingBit                            Libraries\STM32F4xx_StdPeriph_Driver\src\stm32f4xx_exti.o
EXTI_DeInit                                       Libraries\STM32F4xx_StdPeriph_Driver\src\stm32f4xx_exti.o
EXTI_GenerateSWInterrupt                          Libraries\STM32F4xx_StdPeriph_Driver\src\stm32f4xx_exti.o
EXTI_GetFlagStatus                                Libraries\STM32F4xx_StdPeriph_Driver\src\stm32f4xx_exti.o
EXTI_GetITStatus                                  Libraries\STM32F4xx_StdPeriph_Driver\src\stm32f4xx_exti.o
EXTI_Init                                         Libraries\STM32F4xx_StdPeriph_Driver\src\stm32f4xx_exti.o
                                                  Utilities\STM32F4-Discovery\stm32f4_discovery.o
EXTI_StructInit                                   Libraries\STM32F4xx_StdPeriph_Driver\src\stm32f4xx_exti.o
FLASH_ClearFlag                                   Libraries\STM32F4xx_StdPeriph_Driver\src\stm32f4xx_flash.o
FLASH_DataCacheCmd                                Libraries\STM32F4xx_StdPeriph_Driver\src\stm32f4xx_flash.o
FLASH_DataCacheReset                              Libraries\STM32F4xx_StdPeriph_Driver\src\stm32f4xx_flash.o
FLASH_EraseAllSectors                             Libraries\STM32F4xx_StdPeriph_Driver\src\stm32f4xx_flash.o
FLASH_EraseSector                                 Libraries\STM32F4xx_StdPeriph_Driver\src\stm32f4xx_flash.o
FLASH_GetFlagStatus                               Libraries\STM32F4xx_StdPeriph_Driver\src\stm32f4xx_flash.o
FLASH_GetStatus                                   Libraries\STM32F4xx_StdPeriph_Driver\src\stm32f4xx_flash.o
FLASH_IRQHandler                                  src\startup_stm32f4xx.o
FLASH_ITConfig                                    Libraries\STM32F4xx_StdPeriph_Driver\src\stm32f4xx_flash.o
FLASH_InstructionCacheCmd                         Libraries\STM32F4xx_StdPeriph_Driver\src\stm32f4xx_flash.o
FLASH_InstructionCacheReset                       Libraries\STM32F4xx_StdPeriph_Driver\src\stm32f4xx_flash.o
FLASH_Lock                                        Libraries\STM32F4xx_StdPeriph_Driver\src\stm32f4xx_flash.o
FLASH_OB_BORConfig                                Libraries\STM32F4xx_StdPeriph_Driver\src\stm32f4xx_flash.o
FLASH_OB_GetBOR                                   Libraries\STM32F4xx_StdPeriph_Driver\src\stm32f4xx_flash.o
FLASH_OB_GetRDP                                   Libraries\STM32F4xx_StdPeriph_Driver\src\stm32f4xx_flash.o
FLASH_OB_GetUser                                  Libraries\STM32F4xx_StdPeriph_Driver\src\stm32f4xx_flash.o
FLASH_OB_GetWRP                                   Libraries\STM32F4xx_StdPeriph_Driver\src\stm32f4xx_flash.o
FLASH_OB_Launch                                   Libraries\STM32F4xx_StdPeriph_Driver\src\stm32f4xx_flash.o
FLASH_OB_Lock                                     Libraries\STM32F4xx_StdPeriph_Driver\src\stm32f4xx_flash.o
FLASH_OB_RDPConfig                                Libraries\STM32F4xx_StdPeriph_Driver\src\stm32f4xx_flash.o
FLASH_OB_Unlock                                   Libraries\STM32F4xx_StdPeriph_Driver\src\stm32f4xx_flash.o
FLASH_OB_UserConfig                               Libraries\STM32F4xx_StdPeriph_Driver\src\stm32f4xx_flash.o
FLASH_OB_WRPConfig                                Libraries\STM32F4xx_StdPeriph_Driver\src\stm32f4xx_flash.o
FLASH_PrefetchBufferCmd                           Libraries\STM32F4xx_StdPeriph_Driver\src\stm32f4xx_flash.o
FLASH_ProgramByte                                 Libraries\STM32F4xx_StdPeriph_Driver\src\stm32f4xx_flash.o
FLASH_ProgramDoubleWord                           Libraries\STM32F4xx_StdPeriph_Driver\src\stm32f4xx_flash.o
FLASH_ProgramHalfWord                             Libraries\STM32F4xx_StdPeriph_Driver\src\stm32f4xx_flash.o
FLASH_ProgramWord                                 Libraries\STM32F4xx_StdPeriph_Driver\src\stm32f4xx_flash.o
FLASH_SetLatency                                  Libraries\STM32F4xx_StdPeriph_Driver\src\stm32f4xx_flash.o
FLASH_Unlock                                      Libraries\STM32F4xx_StdPeriph_Driver\src\stm32f4xx_flash.o
FLASH_WaitForLastOperation                        Libraries\STM32F4xx_StdPeriph_Driver\src\stm32f4xx_flash.o
FPU_IRQHandler                                    src\startup_stm32f4xx.o
FSMC_ClearFlag                                    Libraries\STM32F4xx_StdPeriph_Driver\src\stm32f4xx_fsmc.o
FSMC_ClearITPendingBit                            Libraries\STM32F4xx_StdPeriph_Driver\src\stm32f4xx_fsmc.o
FSMC_GetECC                                       Libraries\STM32F4xx_StdPeriph_Driver\src\stm32f4xx_fsmc.o
FSMC_GetFlagStatus                                Libraries\STM32F4xx_StdPeriph_Driver\src\stm32f4xx_fsmc.o
FSMC_GetITStatus                                  Libraries\STM32F4xx_StdPeriph_Driver\src\stm32f4xx_fsmc.o
FSMC_IRQHandler                                   src\startup_stm32f4xx.o
FSMC_ITConfig                                     Libraries\STM32F4xx_StdPeriph_Driver\src\stm32f4xx_fsmc.o
FSMC_NANDCmd                                      Libraries\STM32F4xx_StdPeriph_Driver\src\stm32f4xx_fsmc.o
FSMC_NANDDeInit                                   Libraries\STM32F4xx_StdPeriph_Driver\src\stm32f4xx_fsmc.o
FSMC_NANDECCCmd                                   Libraries\STM32F4xx_StdPeriph_Driver\src\stm32f4xx_fsmc.o
FSMC_NANDInit                                     Libraries\STM32F4xx_StdPeriph_Driver\src\stm32f4xx_fsmc.o
FSMC_NANDStructInit                               Libraries\STM32F4xx_StdPeriph_Driver\src\stm32f4xx_fsmc.o
FSMC_NORSRAMCmd                                   Libraries\STM32F4xx_StdPeriph_Driver\src\stm32f4xx_fsmc.o
FSMC_NORSRAMDeInit                                Libraries\STM32F4xx_StdPeriph_Driver\src\stm32f4xx_fsmc.o
FSMC_NORSRAMInit                                  Libraries\STM32F4xx_StdPeriph_Driver\src\stm32f4xx_fsmc.o
FSMC_NORSRAMStructInit                            Libraries\STM32F4xx_StdPeriph_Driver\src\stm32f4xx_fsmc.o
FSMC_PCCARDCmd                                    Libraries\STM32F4xx_StdPeriph_Driver\src\stm32f4xx_fsmc.o
FSMC_PCCARDDeInit                                 Libraries\STM32F4xx_StdPeriph_Driver\src\stm32f4xx_fsmc.o
FSMC_PCCARDInit                                   Libraries\STM32F4xx_StdPeriph_Driver\src\stm32f4xx_fsmc.o
FSMC_PCCARDStructInit                             Libraries\STM32F4xx_StdPeriph_Driver\src\stm32f4xx_fsmc.o
GPIO_CLK                                          Utilities\STM32F4-Discovery\stm32f4_discovery.o
GPIO_DeInit                                       Libraries\STM32F4xx_StdPeriph_Driver\src\stm32f4xx_gpio.o
GPIO_Init                                         Libraries\STM32F4xx_StdPeriph_Driver\src\stm32f4xx_gpio.o
                                                  Utilities\STM32F4-Discovery\stm32f4_discovery.o
                                                  Utilities\STM32F4-Discovery\stm32f4_discovery_audio_codec.o
                                                  Utilities\STM32F4-Discovery\stm32f4_discovery_lis302dl.o
GPIO_PIN                                          Utilities\STM32F4-Discovery\stm32f4_discovery.o
GPIO_PORT                                         Utilities\STM32F4-Discovery\stm32f4_discovery.o
GPIO_PinAFConfig                                  Libraries\STM32F4xx_StdPeriph_Driver\src\stm32f4xx_gpio.o
                                                  Utilities\STM32F4-Discovery\stm32f4_discovery_audio_codec.o
                                                  Utilities\STM32F4-Discovery\stm32f4_discovery_lis302dl.o
GPIO_PinLockConfig                                Libraries\STM32F4xx_StdPeriph_Driver\src\stm32f4xx_gpio.o
GPIO_ReadInputData                                Libraries\STM32F4xx_StdPeriph_Driver\src\stm32f4xx_gpio.o
GPIO_ReadInputDataBit                             Libraries\STM32F4xx_StdPeriph_Driver\src\stm32f4xx_gpio.o
                                                  Utilities\STM32F4-Discovery\stm32f4_discovery.o
GPIO_ReadOutputData                               Libraries\STM32F4xx_StdPeriph_Driver\src\stm32f4xx_gpio.o
GPIO_ReadOutputDataBit                            Libraries\STM32F4xx_StdPeriph_Driver\src\stm32f4xx_gpio.o
GPIO_ResetBits                                    Libraries\STM32F4xx_StdPeriph_Driver\src\stm32f4xx_gpio.o
                                                  Utilities\STM32F4-Discovery\stm32f4_discovery_lis302dl.o
GPIO_SetBits                                      Libraries\STM32F4xx_StdPeriph_Driver\src\stm32f4xx_gpio.o
                                                  Utilities\STM32F4-Discovery\stm32f4_discovery_lis302dl.o
GPIO_StructInit                                   Libraries\STM32F4xx_StdPeriph_Driver\src\stm32f4xx_gpio.o
GPIO_ToggleBits                                   Libraries\STM32F4xx_StdPeriph_Driver\src\stm32f4xx_gpio.o
GPIO_Write                                        Libraries\STM32F4xx_StdPeriph_Driver\src\stm32f4xx_gpio.o
GPIO_WriteBit                                     Libraries\STM32F4xx_StdPeriph_Driver\src\stm32f4xx_gpio.o
                                                  Utilities\STM32F4-Discovery\stm32f4_discovery_audio_codec.o
HASH_ClearFlag                                    Libraries\STM32F4xx_StdPeriph_Driver\src\stm32f4xx_hash.o
HASH_ClearITPendingBit                            Libraries\STM32F4xx_StdPeriph_Driver\src\stm32f4xx_hash.o
HASH_DMACmd                                       Libraries\STM32F4xx_StdPeriph_Driver\src\stm32f4xx_hash.o
HASH_DataIn                                       Libraries\STM32F4xx_StdPeriph_Driver\src\stm32f4xx_hash.o
                                                  Libraries\STM32F4xx_StdPeriph_Driver\src\stm32f4xx_hash_md5.o
                                                  Libraries\STM32F4xx_StdPeriph_Driver\src\stm32f4xx_hash_sha1.o
HASH_DeInit                                       Libraries\STM32F4xx_StdPeriph_Driver\src\stm32f4xx_hash.o
                                                  Libraries\STM32F4xx_StdPeriph_Driver\src\stm32f4xx_hash_md5.o
                                                  Libraries\STM32F4xx_StdPeriph_Driver\src\stm32f4xx_hash_sha1.o
HASH_GetDigest                                    Libraries\STM32F4xx_StdPeriph_Driver\src\stm32f4xx_hash.o
                                                  Libraries\STM32F4xx_StdPeriph_Driver\src\stm32f4xx_hash_md5.o
                                                  Libraries\STM32F4xx_StdPeriph_Driver\src\stm32f4xx_hash_sha1.o
HASH_GetFlagStatus                                Libraries\STM32F4xx_StdPeriph_Driver\src\stm32f4xx_hash.o
                                                  Libraries\STM32F4xx_StdPeriph_Driver\src\stm32f4xx_hash_md5.o
                                                  Libraries\STM32F4xx_StdPeriph_Driver\src\stm32f4xx_hash_sha1.o
HASH_GetITStatus                                  Libraries\STM32F4xx_StdPeriph_Driver\src\stm32f4xx_hash.o
HASH_GetInFIFOWordsNbr                            Libraries\STM32F4xx_StdPeriph_Driver\src\stm32f4xx_hash.o
HASH_ITConfig                                     Libraries\STM32F4xx_StdPeriph_Driver\src\stm32f4xx_hash.o
HASH_Init                                         Libraries\STM32F4xx_StdPeriph_Driver\src\stm32f4xx_hash.o
                                                  Libraries\STM32F4xx_StdPeriph_Driver\src\stm32f4xx_hash_md5.o
                                                  Libraries\STM32F4xx_StdPeriph_Driver\src\stm32f4xx_hash_sha1.o
HASH_MD5                                          Libraries\STM32F4xx_StdPeriph_Driver\src\stm32f4xx_hash_md5.o
HASH_RNG_IRQHandler                               src\startup_stm32f4xx.o
HASH_Reset                                        Libraries\STM32F4xx_StdPeriph_Driver\src\stm32f4xx_hash.o
HASH_RestoreContext                               Libraries\STM32F4xx_StdPeriph_Driver\src\stm32f4xx_hash.o
HASH_SHA1                                         Libraries\STM32F4xx_StdPeriph_Driver\src\stm32f4xx_hash_sha1.o
HASH_SaveContext                                  Libraries\STM32F4xx_StdPeriph_Driver\src\stm32f4xx_hash.o
HASH_SetLastWordValidBitsNbr                      Libraries\STM32F4xx_StdPeriph_Driver\src\stm32f4xx_hash.o
                                                  Libraries\STM32F4xx_StdPeriph_Driver\src\stm32f4xx_hash_md5.o
                                                  Libraries\STM32F4xx_StdPeriph_Driver\src\stm32f4xx_hash_sha1.o
HASH_StartDigest                                  Libraries\STM32F4xx_StdPeriph_Driver\src\stm32f4xx_hash.o
                                                  Libraries\STM32F4xx_StdPeriph_Driver\src\stm32f4xx_hash_md5.o
                                                  Libraries\STM32F4xx_StdPeriph_Driver\src\stm32f4xx_hash_sha1.o
HASH_StructInit                                   Libraries\STM32F4xx_StdPeriph_Driver\src\stm32f4xx_hash.o
HMAC_MD5                                          Libraries\STM32F4xx_StdPeriph_Driver\src\stm32f4xx_hash_md5.o
HMAC_SHA1                                         Libraries\STM32F4xx_StdPeriph_Driver\src\stm32f4xx_hash_sha1.o
HardFault_Handler                                 src\stm32f4xx_it.o
I2C1_ER_IRQHandler                                src\startup_stm32f4xx.o
I2C1_EV_IRQHandler                                src\startup_stm32f4xx.o
I2C2_ER_IRQHandler                                src\startup_stm32f4xx.o
I2C2_EV_IRQHandler                                src\startup_stm32f4xx.o
I2C3_ER_IRQHandler                                src\startup_stm32f4xx.o
I2C3_EV_IRQHandler                                src\startup_stm32f4xx.o
I2C_ARPCmd                                        Libraries\STM32F4xx_StdPeriph_Driver\src\stm32f4xx_i2c.o
I2C_AcknowledgeConfig                             Libraries\STM32F4xx_StdPeriph_Driver\src\stm32f4xx_i2c.o
                                                  Utilities\STM32F4-Discovery\stm32f4_discovery_audio_codec.o
I2C_CalculatePEC                                  Libraries\STM32F4xx_StdPeriph_Driver\src\stm32f4xx_i2c.o
I2C_CheckEvent                                    Libraries\STM32F4xx_StdPeriph_Driver\src\stm32f4xx_i2c.o
                                                  Utilities\STM32F4-Discovery\stm32f4_discovery_audio_codec.o
I2C_ClearFlag                                     Libraries\STM32F4xx_StdPeriph_Driver\src\stm32f4xx_i2c.o
                                                  Utilities\STM32F4-Discovery\stm32f4_discovery_audio_codec.o
I2C_ClearITPendingBit                             Libraries\STM32F4xx_StdPeriph_Driver\src\stm32f4xx_i2c.o
I2C_Cmd                                           Libraries\STM32F4xx_StdPeriph_Driver\src\stm32f4xx_i2c.o
                                                  Utilities\STM32F4-Discovery\stm32f4_discovery_audio_codec.o
I2C_DMACmd                                        Libraries\STM32F4xx_StdPeriph_Driver\src\stm32f4xx_i2c.o
I2C_DMALastTransferCmd                            Libraries\STM32F4xx_StdPeriph_Driver\src\stm32f4xx_i2c.o
I2C_DeInit                                        Libraries\STM32F4xx_StdPeriph_Driver\src\stm32f4xx_i2c.o
                                                  Utilities\STM32F4-Discovery\stm32f4_discovery_audio_codec.o
I2C_DualAddressCmd                                Libraries\STM32F4xx_StdPeriph_Driver\src\stm32f4xx_i2c.o
I2C_FastModeDutyCycleConfig                       Libraries\STM32F4xx_StdPeriph_Driver\src\stm32f4xx_i2c.o
I2C_GeneralCallCmd                                Libraries\STM32F4xx_StdPeriph_Driver\src\stm32f4xx_i2c.o
I2C_GenerateSTART                                 Libraries\STM32F4xx_StdPeriph_Driver\src\stm32f4xx_i2c.o
                                                  Utilities\STM32F4-Discovery\stm32f4_discovery_audio_codec.o
I2C_GenerateSTOP                                  Libraries\STM32F4xx_StdPeriph_Driver\src\stm32f4xx_i2c.o
                                                  Utilities\STM32F4-Discovery\stm32f4_discovery_audio_codec.o
I2C_GetFlagStatus                                 Libraries\STM32F4xx_StdPeriph_Driver\src\stm32f4xx_i2c.o
                                                  Utilities\STM32F4-Discovery\stm32f4_discovery_audio_codec.o
I2C_GetITStatus                                   Libraries\STM32F4xx_StdPeriph_Driver\src\stm32f4xx_i2c.o
I2C_GetLastEvent                                  Libraries\STM32F4xx_StdPeriph_Driver\src\stm32f4xx_i2c.o
I2C_GetPEC                                        Libraries\STM32F4xx_StdPeriph_Driver\src\stm32f4xx_i2c.o
I2C_ITConfig                                      Libraries\STM32F4xx_StdPeriph_Driver\src\stm32f4xx_i2c.o
I2C_Init                                          Libraries\STM32F4xx_StdPeriph_Driver\src\stm32f4xx_i2c.o
                                                  Utilities\STM32F4-Discovery\stm32f4_discovery_audio_codec.o
I2C_NACKPositionConfig                            Libraries\STM32F4xx_StdPeriph_Driver\src\stm32f4xx_i2c.o
I2C_OwnAddress2Config                             Libraries\STM32F4xx_StdPeriph_Driver\src\stm32f4xx_i2c.o
I2C_PECPositionConfig                             Libraries\STM32F4xx_StdPeriph_Driver\src\stm32f4xx_i2c.o